Archive member included because of file (symbol)

./mbed/TARGET_LPC1768/TOOLCHAIN_GCC_ARM/libmbed.a(analogin_api.o)
                              soft.o (analogin_read)
./mbed/TARGET_LPC1768/TOOLCHAIN_GCC_ARM/libmbed.a(gpio_irq_api.o)
                              hcsr04.o (gpio_irq_set)
./mbed/TARGET_LPC1768/TOOLCHAIN_GCC_ARM/libmbed.a(serial_api.o)
                              mbed/TARGET_LPC1768/TOOLCHAIN_GCC_ARM/retarget.o (serial_getc)
./mbed/TARGET_LPC1768/TOOLCHAIN_GCC_ARM/libmbed.a(FilePath.o)
                              mbed/TARGET_LPC1768/TOOLCHAIN_GCC_ARM/retarget.o (mbed::FilePath::FilePath(char const*))
./mbed/TARGET_LPC1768/TOOLCHAIN_GCC_ARM/libmbed.a(FileSystemLike.o)
                              mbed/TARGET_LPC1768/TOOLCHAIN_GCC_ARM/retarget.o (mbed::FileSystemLike::opendir())
./mbed/TARGET_LPC1768/TOOLCHAIN_GCC_ARM/libmbed.a(InterruptIn.o)
                              hcsr04.o (mbed::InterruptIn::~InterruptIn())
./mbed/TARGET_LPC1768/TOOLCHAIN_GCC_ARM/libmbed.a(Stream.o)
                              main.o (mbed::Stream::~Stream())
./mbed/TARGET_LPC1768/TOOLCHAIN_GCC_ARM/libmbed.a(Serial.o)
                              main.o (mbed::Serial::Serial(PinName, PinName, char const*))
./mbed/TARGET_LPC1768/TOOLCHAIN_GCC_ARM/libmbed.a(Ticker.o)
                              soft.o (mbed::Ticker::detach())
./mbed/TARGET_LPC1768/TOOLCHAIN_GCC_ARM/libmbed.a(TimerEvent.o)
                              soft.o (mbed::TimerEvent::~TimerEvent())
./mbed/TARGET_LPC1768/TOOLCHAIN_GCC_ARM/libmbed.a(Timer.o)
                              hcsr04.o (mbed::Timer::Timer())
./mbed/TARGET_LPC1768/TOOLCHAIN_GCC_ARM/libmbed.a(assert.o)
                              mbed/TARGET_LPC1768/TOOLCHAIN_GCC_ARM/board.o (mbed_assert_internal)
./mbed/TARGET_LPC1768/TOOLCHAIN_GCC_ARM/libmbed.a(error.o)
                              mbed/TARGET_LPC1768/TOOLCHAIN_GCC_ARM/retarget.o (error)
./mbed/TARGET_LPC1768/TOOLCHAIN_GCC_ARM/libmbed.a(mbed_interface.o)
                              mbed/TARGET_LPC1768/TOOLCHAIN_GCC_ARM/retarget.o (mbed_interface_connected)
./mbed/TARGET_LPC1768/TOOLCHAIN_GCC_ARM/libmbed.a(gpio.o)
                              ./mbed/TARGET_LPC1768/TOOLCHAIN_GCC_ARM/libmbed.a(serial_api.o) (gpio_init_in)
./mbed/TARGET_LPC1768/TOOLCHAIN_GCC_ARM/libmbed.a(pinmap_common.o)
                              ./mbed/TARGET_LPC1768/TOOLCHAIN_GCC_ARM/libmbed.a(analogin_api.o) (pinmap_pinout)
./mbed/TARGET_LPC1768/TOOLCHAIN_GCC_ARM/libmbed.a(semihost_api.o)
                              mbed/TARGET_LPC1768/TOOLCHAIN_GCC_ARM/retarget.o (semihost_exit)
./mbed/TARGET_LPC1768/TOOLCHAIN_GCC_ARM/libmbed.a(us_ticker_api.o)
                              ./mbed/TARGET_LPC1768/TOOLCHAIN_GCC_ARM/libmbed.a(TimerEvent.o) (us_ticker_set_handler)
./mbed/TARGET_LPC1768/TOOLCHAIN_GCC_ARM/libmbed.a(wait_api.o)
                              hcsr04.o (wait_us)
./mbed/TARGET_LPC1768/TOOLCHAIN_GCC_ARM/libmbed.a(gpio_api.o)
                              ./mbed/TARGET_LPC1768/TOOLCHAIN_GCC_ARM/libmbed.a(gpio.o) (gpio_init)
./mbed/TARGET_LPC1768/TOOLCHAIN_GCC_ARM/libmbed.a(pinmap.o)
                              ./mbed/TARGET_LPC1768/TOOLCHAIN_GCC_ARM/libmbed.a(pinmap_common.o) (pin_function)
./mbed/TARGET_LPC1768/TOOLCHAIN_GCC_ARM/libmbed.a(us_ticker.o)
                              ./mbed/TARGET_LPC1768/TOOLCHAIN_GCC_ARM/libmbed.a(us_ticker_api.o) (us_ticker_init)
./mbed/TARGET_LPC1768/TOOLCHAIN_GCC_ARM/libmbed.a(FileBase.o)
                              ./mbed/TARGET_LPC1768/TOOLCHAIN_GCC_ARM/libmbed.a(FileSystemLike.o) (mbed::FileBase::~FileBase())
./mbed/TARGET_LPC1768/TOOLCHAIN_GCC_ARM/libmbed.a(FileLike.o)
                              ./mbed/TARGET_LPC1768/TOOLCHAIN_GCC_ARM/libmbed.a(Stream.o) (mbed::FileLike::~FileLike())
./mbed/TARGET_LPC1768/TOOLCHAIN_GCC_ARM/libmbed.a(FunctionPointer.o)
                              ./mbed/TARGET_LPC1768/TOOLCHAIN_GCC_ARM/libmbed.a(InterruptIn.o) (mbed::FunctionPointer::FunctionPointer(void (*)()))
./mbed/TARGET_LPC1768/TOOLCHAIN_GCC_ARM/libmbed.a(SerialBase.o)
                              ./mbed/TARGET_LPC1768/TOOLCHAIN_GCC_ARM/libmbed.a(Serial.o) (mbed::SerialBase::SerialBase(PinName, PinName))
/home/krupkad/gcc-arm-none-eabi-4_8-2014q3/bin/../lib/gcc/arm-none-eabi/4.8.4/../../../../arm-none-eabi/lib/armv7-m/libstdc++_s.a(new_op.o)
                              soft.o (operator new(unsigned int))
/home/krupkad/gcc-arm-none-eabi-4_8-2014q3/bin/../lib/gcc/arm-none-eabi/4.8.4/../../../../arm-none-eabi/lib/armv7-m/libstdc++_s.a(del_op.o)
                              main.o (operator delete(void*))
/home/krupkad/gcc-arm-none-eabi-4_8-2014q3/bin/../lib/gcc/arm-none-eabi/4.8.4/../../../../arm-none-eabi/lib/armv7-m/libstdc++_s.a(new_handler.o)
                              /home/krupkad/gcc-arm-none-eabi-4_8-2014q3/bin/../lib/gcc/arm-none-eabi/4.8.4/../../../../arm-none-eabi/lib/armv7-m/libstdc++_s.a(new_op.o) (__new_handler)
[...]
Memory Configuration

Name             Origin             Length             Attributes
FLASH            0x00000000         0x00080000         xr
RAM              0x100000c8         0x00007f38         xrw
USB_RAM          0x2007c000         0x00004000         xrw
ETH_RAM          0x20080000         0x00004000         xrw
*default*        0x00000000         0xffffffff

Linker script and memory map

LOAD /home/krupkad/gcc-arm-none-eabi-4_8-2014q3/bin/../lib/gcc/arm-none-eabi/4.8.4/armv7-m/crti.o
LOAD /home/krupkad/gcc-arm-none-eabi-4_8-2014q3/bin/../lib/gcc/arm-none-eabi/4.8.4/armv7-m/crtbegin.o
LOAD /home/krupkad/gcc-arm-none-eabi-4_8-2014q3/bin/../lib/gcc/arm-none-eabi/4.8.4/../../../../arm-none-eabi/lib/armv7-m/crt0.o
LOAD main.o
LOAD soft.o
LOAD hcsr04.o
LOAD mbed/TARGET_LPC1768/TOOLCHAIN_GCC_ARM/cmsis_nvic.o
LOAD mbed/TARGET_LPC1768/TOOLCHAIN_GCC_ARM/system_LPC17xx.o
LOAD mbed/TARGET_LPC1768/TOOLCHAIN_GCC_ARM/board.o
LOAD mbed/TARGET_LPC1768/TOOLCHAIN_GCC_ARM/retarget.o
LOAD mbed/TARGET_LPC1768/TOOLCHAIN_GCC_ARM/startup_LPC17xx.o
LOAD ./mbed/TARGET_LPC1768/TOOLCHAIN_GCC_ARM/libmbed.a
LOAD /home/krupkad/gcc-arm-none-eabi-4_8-2014q3/bin/../lib/gcc/arm-none-eabi/4.8.4/../../../../arm-none-eabi/lib/armv7-m/libstdc++_s.a
LOAD /home/krupkad/gcc-arm-none-eabi-4_8-2014q3/bin/../lib/gcc/arm-none-eabi/4.8.4/../../../../arm-none-eabi/lib/armv7-m/libsupc++_s.a
LOAD /home/krupkad/gcc-arm-none-eabi-4_8-2014q3/bin/../lib/gcc/arm-none-eabi/4.8.4/../../../../arm-none-eabi/lib/armv7-m/libm.a
LOAD /home/krupkad/gcc-arm-none-eabi-4_8-2014q3/bin/../lib/gcc/arm-none-eabi/4.8.4/../../../../arm-none-eabi/lib/armv7-m/libc_s.a
LOAD /home/krupkad/gcc-arm-none-eabi-4_8-2014q3/bin/../lib/gcc/arm-none-eabi/4.8.4/armv7-m/libgcc.a
LOAD /home/krupkad/gcc-arm-none-eabi-4_8-2014q3/bin/../lib/gcc/arm-none-eabi/4.8.4/../../../../arm-none-eabi/lib/armv7-m/libnosys.a
LOAD ./mbed/TARGET_LPC1768/TOOLCHAIN_GCC_ARM/libmbed.a
LOAD /home/krupkad/gcc-arm-none-eabi-4_8-2014q3/bin/../lib/gcc/arm-none-eabi/4.8.4/../../../../arm-none-eabi/lib/armv7-m/libstdc++_s.a
LOAD /home/krupkad/gcc-arm-none-eabi-4_8-2014q3/bin/../lib/gcc/arm-none-eabi/4.8.4/../../../../arm-none-eabi/lib/armv7-m/libsupc++_s.a
LOAD /home/krupkad/gcc-arm-none-eabi-4_8-2014q3/bin/../lib/gcc/arm-none-eabi/4.8.4/../../../../arm-none-eabi/lib/armv7-m/libm.a
LOAD /home/krupkad/gcc-arm-none-eabi-4_8-2014q3/bin/../lib/gcc/arm-none-eabi/4.8.4/../../../../arm-none-eabi/lib/armv7-m/libc_s.a
LOAD /home/krupkad/gcc-arm-none-eabi-4_8-2014q3/bin/../lib/gcc/arm-none-eabi/4.8.4/armv7-m/libgcc.a
LOAD /home/krupkad/gcc-arm-none-eabi-4_8-2014q3/bin/../lib/gcc/arm-none-eabi/4.8.4/../../../../arm-none-eabi/lib/armv7-m/libnosys.a
START GROUP
LOAD /home/krupkad/gcc-arm-none-eabi-4_8-2014q3/bin/../lib/gcc/arm-none-eabi/4.8.4/armv7-m/libgcc.a
LOAD /home/krupkad/gcc-arm-none-eabi-4_8-2014q3/bin/../lib/gcc/arm-none-eabi/4.8.4/../../../../arm-none-eabi/lib/armv7-m/libc_s.a
END GROUP
START GROUP
LOAD /home/krupkad/gcc-arm-none-eabi-4_8-2014q3/bin/../lib/gcc/arm-none-eabi/4.8.4/armv7-m/libgcc.a
LOAD /home/krupkad/gcc-arm-none-eabi-4_8-2014q3/bin/../lib/gcc/arm-none-eabi/4.8.4/../../../../arm-none-eabi/lib/armv7-m/libc_s.a
END GROUP
LOAD /home/krupkad/gcc-arm-none-eabi-4_8-2014q3/bin/../lib/gcc/arm-none-eabi/4.8.4/armv7-m/crtend.o
LOAD /home/krupkad/gcc-arm-none-eabi-4_8-2014q3/bin/../lib/gcc/arm-none-eabi/4.8.4/armv7-m/crtn.o

.text           0x00000000     0x82fc
 *(.isr_vector)
 .isr_vector    0x00000000       0xcc mbed/TARGET_LPC1768/TOOLCHAIN_GCC_ARM/startup_LPC17xx.o
                0x00000000                __isr_vector
 *(.text*)
 .text          0x000000cc       0x54 /home/krupkad/gcc-arm-none-eabi-4_8-2014q3/bin/../lib/gcc/arm-none-eabi/4.8.4/armv7-m/crtbegin.o
 .text          0x00000120       0x74 /home/krupkad/gcc-arm-none-eabi-4_8-2014q3/bin/../lib/gcc/arm-none-eabi/4.8.4/../../../../arm-none-eabi/lib/armv7-m/crt0.o
                0x00000120                _mainCRTStartup
                0x00000120                _start
 .text._ZN4mbed10SerialBaseD2Ev
                0x00000194        0xc main.o
                0x00000194                mbed::SerialBase::~SerialBase()
                0x00000194                mbed::SerialBase::~SerialBase()
 .text._ZN4mbed10SerialBaseD0Ev
                0x000001a0       0x14 main.o
                0x000001a0                mbed::SerialBase::~SerialBase()
 .text._ZN4mbed6SerialD2Ev
                0x000001b4       0x28 main.o
                0x000001b4                mbed::Serial::~Serial()
                0x000001b4                mbed::Serial::~Serial()
 .text._ZN4mbed6SerialD1Ev
                0x000001dc       0x10 main.o
                0x000001dc                non-virtual thunk to mbed::Serial::~Serial()
                0x000001e4                non-virtual thunk to mbed::Serial::~Serial()
 .text._ZN4mbed6SerialD0Ev
                0x000001ec       0x1e main.o
                0x000001ec                mbed::Serial::~Serial()
                0x000001fe                non-virtual thunk to mbed::Serial::~Serial()
                0x00000204                non-virtual thunk to mbed::Serial::~Serial()
 *fill*         0x0000020a        0x2 
 .text.startup.main
                0x0000020c       0x38 main.o
                0x0000020c                main
 .text.startup._GLOBAL__sub_I_pc
                0x00000244       0x34 main.o
 .text._ZN4mbed15FunctionPointer12membercallerI6HCSR04EEvPvPc
                0x00000278       0x28 hcsr04.o
                0x00000278                void mbed::FunctionPointer::membercaller<HCSR04>(void*, char*)
 .text._ZN6HCSR048isr_riseEv
                0x000002a0        0x4 hcsr04.o
                0x000002a0                HCSR04::isr_rise()
 .text._ZN6HCSR048isr_fallEv
                0x000002a4       0x2e hcsr04.o
                0x000002a4                HCSR04::isr_fall()
 *fill*         0x000002d2        0x2 
 .text._ZN6HCSR04C2E7PinNameS0_
                0x000002d4       0x98 hcsr04.o
                0x000002d4                HCSR04::HCSR04(PinName, PinName)
                0x000002d4                HCSR04::HCSR04(PinName, PinName)
 .text._ZN6HCSR045startEv
                0x0000036c       0x18 hcsr04.o
                0x0000036c                HCSR04::start()
 .text._ZN6HCSR0411get_dist_cmEv
                0x00000384        0x6 hcsr04.o
                0x00000384                HCSR04::get_dist_cm()
 *fill*         0x0000038a        0x2 
 .text.NVIC_SetVector
                0x0000038c       0x3c mbed/TARGET_LPC1768/TOOLCHAIN_GCC_ARM/cmsis_nvic.o
                0x0000038c                NVIC_SetVector
 .text.SystemInit
                0x000003c8       0xb8 mbed/TARGET_LPC1768/TOOLCHAIN_GCC_ARM/system_LPC17xx.o
                0x000003c8                SystemInit
 .text.mbed_die
                0x00000480      0x10c mbed/TARGET_LPC1768/TOOLCHAIN_GCC_ARM/board.o
                0x00000480                mbed_die
 .text._ZN4mbed10FileHandle4flenEv
                0x0000058c       0x34 mbed/TARGET_LPC1768/TOOLCHAIN_GCC_ARM/retarget.o
                0x0000058c                mbed::FileHandle::flen()
 .text._ZN4mbed10FileHandleD2Ev
                0x000005c0       0x2c mbed/TARGET_LPC1768/TOOLCHAIN_GCC_ARM/retarget.o
                0x000005c0                mbed::FileHandle::~FileHandle()
                0x000005c0                mbed::FileHandle::~FileHandle()
 .text._ZN4mbed10FileHandleD0Ev
                0x000005ec       0x34 mbed/TARGET_LPC1768/TOOLCHAIN_GCC_ARM/retarget.o
                0x000005ec                mbed::FileHandle::~FileHandle()
 .text._ZL11init_serialv.part.0
                0x00000620       0x18 mbed/TARGET_LPC1768/TOOLCHAIN_GCC_ARM/retarget.o
 .text._open    0x00000638       0xf8 mbed/TARGET_LPC1768/TOOLCHAIN_GCC_ARM/retarget.o
                0x00000638                _open
 .text._close   0x00000730       0x2c mbed/TARGET_LPC1768/TOOLCHAIN_GCC_ARM/retarget.o
                0x00000730                _close
 .text._write   0x0000075c       0x50 mbed/TARGET_LPC1768/TOOLCHAIN_GCC_ARM/retarget.o
                0x0000075c                _write
 .text._read    0x000007ac       0x4c mbed/TARGET_LPC1768/TOOLCHAIN_GCC_ARM/retarget.o
                0x000007ac                _read
 .text._isatty  0x000007f8       0x28 mbed/TARGET_LPC1768/TOOLCHAIN_GCC_ARM/retarget.o
                0x000007f8                _isatty
 .text._lseek   0x00000820       0x28 mbed/TARGET_LPC1768/TOOLCHAIN_GCC_ARM/retarget.o
                0x00000820                _lseek
 .text._fstat   0x00000848       0x20 mbed/TARGET_LPC1768/TOOLCHAIN_GCC_ARM/retarget.o
                0x00000848                _fstat
 .text.__cxa_pure_virtual
                0x00000868        0x8 mbed/TARGET_LPC1768/TOOLCHAIN_GCC_ARM/retarget.o
                0x00000868                __cxa_pure_virtual
 .text.mbed_main
                0x00000870        0x4 mbed/TARGET_LPC1768/TOOLCHAIN_GCC_ARM/retarget.o
                0x00000870                mbed_main
 .text.mbed_sdk_init
                0x00000874        0x4 mbed/TARGET_LPC1768/TOOLCHAIN_GCC_ARM/retarget.o
                0x00000874                mbed_sdk_init
 .text.__wrap_main
                0x00000878       0x14 mbed/TARGET_LPC1768/TOOLCHAIN_GCC_ARM/retarget.o
                0x00000878                __wrap_main
 .text._sbrk    0x0000088c       0x28 mbed/TARGET_LPC1768/TOOLCHAIN_GCC_ARM/retarget.o
                0x0000088c                _sbrk
 .text._exit    0x000008b4       0x30 mbed/TARGET_LPC1768/TOOLCHAIN_GCC_ARM/retarget.o
                0x000008b4                _exit
 .text._ZN4mbed26mbed_set_unbuffered_streamEP7__sFILE
                0x000008e4        0x8 mbed/TARGET_LPC1768/TOOLCHAIN_GCC_ARM/retarget.o
                0x000008e4                mbed::mbed_set_unbuffered_stream(__sFILE*)
 .text          0x000008ec       0x44 mbed/TARGET_LPC1768/TOOLCHAIN_GCC_ARM/startup_LPC17xx.o
                0x000008ec                Reset_Handler
                0x0000091c                NMI_Handler
                0x0000091e                HardFault_Handler
                0x00000920                MemManage_Handler
                0x00000922                BusFault_Handler
                0x00000924                UsageFault_Handler
                0x00000926                SVC_Handler
                0x00000928                DebugMon_Handler
                0x0000092a                PendSV_Handler
                0x0000092c                SysTick_Handler
                0x0000092e                TIMER2_IRQHandler
                0x0000092e                RIT_IRQHandler
                0x0000092e                I2C0_IRQHandler
                0x0000092e                USBActivity_IRQHandler
                0x0000092e                PWM1_IRQHandler
                0x0000092e                I2C1_IRQHandler
                0x0000092e                EINT2_IRQHandler
                0x0000092e                UART1_IRQHandler
                0x0000092e                EINT3_IRQHandler
                0x0000092e                CANActivity_IRQHandler
                0x0000092e                TIMER3_IRQHandler
                0x0000092e                UART0_IRQHandler
                0x0000092e                PLL0_IRQHandler
                0x0000092e                CAN_IRQHandler
                0x0000092e                PLL1_IRQHandler
                0x0000092e                SSP0_IRQHandler
                0x0000092e                I2S_IRQHandler
                0x0000092e                I2C2_IRQHandler
                0x0000092e                RTC_IRQHandler
                0x0000092e                TIMER0_IRQHandler
                0x0000092e                SPI_IRQHandler
                0x0000092e                EINT1_IRQHandler
                0x0000092e                TIMER1_IRQHandler
                0x0000092e                UART2_IRQHandler
                0x0000092e                Default_Handler
                0x0000092e                ADC_IRQHandler
                0x0000092e                SSP1_IRQHandler
                0x0000092e                USB_IRQHandler
                0x0000092e                BOD_IRQHandler
                0x0000092e                WDT_IRQHandler
                0x0000092e                QEI_IRQHandler
                0x0000092e                EINT0_IRQHandler
                0x0000092e                DEF_IRQHandler
                0x0000092e                DMA_IRQHandler
                0x0000092e                UART3_IRQHandler
                0x0000092e                MCPWM_IRQHandler
                0x0000092e                ENET_IRQHandler
 .text.handle_interrupt_in
                0x00000930      0x118 ./mbed/TARGET_LPC1768/TOOLCHAIN_GCC_ARM/libmbed.a(gpio_irq_api.o)
 .text.gpio_irq_init
                0x00000a48       0x70 ./mbed/TARGET_LPC1768/TOOLCHAIN_GCC_ARM/libmbed.a(gpio_irq_api.o)
                0x00000a48                gpio_irq_init
 .text.gpio_irq_free
                0x00000ab8       0x10 ./mbed/TARGET_LPC1768/TOOLCHAIN_GCC_ARM/libmbed.a(gpio_irq_api.o)
                0x00000ab8                gpio_irq_free
 .text.gpio_irq_set
                0x00000ac8       0xd8 ./mbed/TARGET_LPC1768/TOOLCHAIN_GCC_ARM/libmbed.a(gpio_irq_api.o)
                0x00000ac8                gpio_irq_set
 .text.uart2_irq
                0x00000ba0       0x64 ./mbed/TARGET_LPC1768/TOOLCHAIN_GCC_ARM/libmbed.a(serial_api.o)
                0x00000ba0                uart2_irq
 .text.serial_irq_set_internal
                0x00000c04       0xcc ./mbed/TARGET_LPC1768/TOOLCHAIN_GCC_ARM/libmbed.a(serial_api.o)
 .text.uart0_irq
                0x00000cd0       0x64 ./mbed/TARGET_LPC1768/TOOLCHAIN_GCC_ARM/libmbed.a(serial_api.o)
                0x00000cd0                uart0_irq
 .text.uart3_irq
                0x00000d34       0x6c ./mbed/TARGET_LPC1768/TOOLCHAIN_GCC_ARM/libmbed.a(serial_api.o)
                0x00000d34                uart3_irq
 .text.uart1_irq
                0x00000da0       0x64 ./mbed/TARGET_LPC1768/TOOLCHAIN_GCC_ARM/libmbed.a(serial_api.o)
                0x00000da0                uart1_irq
 .text.serial_baud
                0x00000e04      0x244 ./mbed/TARGET_LPC1768/TOOLCHAIN_GCC_ARM/libmbed.a(serial_api.o)
                0x00000e04                serial_baud
 .text.serial_format
                0x00001048       0x78 ./mbed/TARGET_LPC1768/TOOLCHAIN_GCC_ARM/libmbed.a(serial_api.o)
                0x00001048                serial_format
 .text.serial_irq_handler
                0x000010c0       0x20 ./mbed/TARGET_LPC1768/TOOLCHAIN_GCC_ARM/libmbed.a(serial_api.o)
                0x000010c0                serial_irq_handler
 .text.serial_getc
                0x000010e0       0x38 ./mbed/TARGET_LPC1768/TOOLCHAIN_GCC_ARM/libmbed.a(serial_api.o)
                0x000010e0                serial_getc
 .text.serial_writable
                0x00001118       0x74 ./mbed/TARGET_LPC1768/TOOLCHAIN_GCC_ARM/libmbed.a(serial_api.o)
                0x00001118                serial_writable
 .text.serial_putc
                0x0000118c       0x34 ./mbed/TARGET_LPC1768/TOOLCHAIN_GCC_ARM/libmbed.a(serial_api.o)
                0x0000118c                serial_putc
 .text.serial_set_flow_control
                0x000011c0      0x12c ./mbed/TARGET_LPC1768/TOOLCHAIN_GCC_ARM/libmbed.a(serial_api.o)
                0x000011c0                serial_set_flow_control
 .text.serial_init
                0x000012ec      0x1bc ./mbed/TARGET_LPC1768/TOOLCHAIN_GCC_ARM/libmbed.a(serial_api.o)
                0x000012ec                serial_init
 .text._ZN4mbed8FilePathC2EPKc
                0x000014a8       0x58 ./mbed/TARGET_LPC1768/TOOLCHAIN_GCC_ARM/libmbed.a(FilePath.o)
                0x000014a8                mbed::FilePath::FilePath(char const*)
                0x000014a8                mbed::FilePath::FilePath(char const*)
 .text._ZN4mbed8FilePath8fileNameEv
                0x00001500        0x4 ./mbed/TARGET_LPC1768/TOOLCHAIN_GCC_ARM/libmbed.a(FilePath.o)
                0x00001500                mbed::FilePath::fileName()
 .text._ZN4mbed8FilePath10fileSystemEv
                0x00001504       0x18 ./mbed/TARGET_LPC1768/TOOLCHAIN_GCC_ARM/libmbed.a(FilePath.o)
                0x00001504                mbed::FilePath::fileSystem()
 .text._ZN4mbed8FilePath6isFileEv
                0x0000151c       0x14 ./mbed/TARGET_LPC1768/TOOLCHAIN_GCC_ARM/libmbed.a(FilePath.o)
                0x0000151c                mbed::FilePath::isFile()
 .text._ZN4mbed8FilePath4fileEv
                0x00001530       0x1c ./mbed/TARGET_LPC1768/TOOLCHAIN_GCC_ARM/libmbed.a(FilePath.o)
                0x00001530                mbed::FilePath::file()
 .text._ZN4mbed8FilePath6existsEv
                0x0000154c        0xc ./mbed/TARGET_LPC1768/TOOLCHAIN_GCC_ARM/libmbed.a(FilePath.o)
                0x0000154c                mbed::FilePath::exists()
 .text._ZN4mbed11InterruptInD2Ev
                0x00001558       0x18 ./mbed/TARGET_LPC1768/TOOLCHAIN_GCC_ARM/libmbed.a(InterruptIn.o)
                0x00001558                mbed::InterruptIn::~InterruptIn()
                0x00001558                mbed::InterruptIn::~InterruptIn()
 .text._ZN4mbed11InterruptInD0Ev
                0x00001570       0x1c ./mbed/TARGET_LPC1768/TOOLCHAIN_GCC_ARM/libmbed.a(InterruptIn.o)
                0x00001570                mbed::InterruptIn::~InterruptIn()
 .text._ZN4mbed11InterruptIn12_irq_handlerEm14gpio_irq_event
                0x0000158c       0x18 ./mbed/TARGET_LPC1768/TOOLCHAIN_GCC_ARM/libmbed.a(InterruptIn.o)
                0x0000158c                mbed::InterruptIn::_irq_handler(unsigned long, gpio_irq_event)
 .text._ZN4mbed11InterruptInC2E7PinName
                0x000015a4       0x54 ./mbed/TARGET_LPC1768/TOOLCHAIN_GCC_ARM/libmbed.a(InterruptIn.o)
                0x000015a4                mbed::InterruptIn::InterruptIn(PinName)
                0x000015a4                mbed::InterruptIn::InterruptIn(PinName)
 .text._ZN4mbed6Stream5closeEv
                0x000015f8        0x4 ./mbed/TARGET_LPC1768/TOOLCHAIN_GCC_ARM/libmbed.a(Stream.o)
                0x000015f8                mbed::Stream::close()
 .text._ZN4mbed6Stream5writeEPKvj
                0x000015fc       0x30 ./mbed/TARGET_LPC1768/TOOLCHAIN_GCC_ARM/libmbed.a(Stream.o)
                0x000015fc                mbed::Stream::write(void const*, unsigned int)
 .text._ZN4mbed6Stream4readEPvj
                0x0000162c       0x30 ./mbed/TARGET_LPC1768/TOOLCHAIN_GCC_ARM/libmbed.a(Stream.o)
                0x0000162c                mbed::Stream::read(void*, unsigned int)
 .text._ZN4mbed6Stream5lseekEli
                0x0000165c        0x4 ./mbed/TARGET_LPC1768/TOOLCHAIN_GCC_ARM/libmbed.a(Stream.o)
                0x0000165c                mbed::Stream::lseek(long, int)
 .text._ZN4mbed6Stream6isattyEv
                0x00001660        0x4 ./mbed/TARGET_LPC1768/TOOLCHAIN_GCC_ARM/libmbed.a(Stream.o)
                0x00001660                mbed::Stream::isatty()
 .text._ZN4mbed6Stream5fsyncEv
                0x00001664        0x4 ./mbed/TARGET_LPC1768/TOOLCHAIN_GCC_ARM/libmbed.a(Stream.o)
                0x00001664                mbed::Stream::fsync()
 .text._ZN4mbed6Stream4flenEv
                0x00001668        0x4 ./mbed/TARGET_LPC1768/TOOLCHAIN_GCC_ARM/libmbed.a(Stream.o)
                0x00001668                mbed::Stream::flen()
 .text._ZN4mbed6StreamD2Ev
                0x0000166c       0x24 ./mbed/TARGET_LPC1768/TOOLCHAIN_GCC_ARM/libmbed.a(Stream.o)
                0x0000166c                mbed::Stream::~Stream()
                0x0000166c                mbed::Stream::~Stream()
 .text._ZThn4_N4mbed6StreamD1Ev
                0x00001690        0x8 ./mbed/TARGET_LPC1768/TOOLCHAIN_GCC_ARM/libmbed.a(Stream.o)
                0x00001690                non-virtual thunk to mbed::Stream::~Stream()
 .text._ZN4mbed6StreamD0Ev
                0x00001698       0x14 ./mbed/TARGET_LPC1768/TOOLCHAIN_GCC_ARM/libmbed.a(Stream.o)
                0x00001698                mbed::Stream::~Stream()
 .text._ZThn4_N4mbed6StreamD0Ev
                0x000016ac        0x8 ./mbed/TARGET_LPC1768/TOOLCHAIN_GCC_ARM/libmbed.a(Stream.o)
                0x000016ac                non-virtual thunk to mbed::Stream::~Stream()
 .text._ZN4mbed6StreamC2EPKc
                0x000016b4       0x44 ./mbed/TARGET_LPC1768/TOOLCHAIN_GCC_ARM/libmbed.a(Stream.o)
                0x000016b4                mbed::Stream::Stream(char const*)
                0x000016b4                mbed::Stream::Stream(char const*)
 .text._ZN4mbed6Serial5_getcEv
                0x000016f8        0x4 ./mbed/TARGET_LPC1768/TOOLCHAIN_GCC_ARM/libmbed.a(Serial.o)
                0x000016f8                mbed::Serial::_getc()
 .text._ZThn72_N4mbed6Serial5_getcEv
                0x000016fc        0x8 ./mbed/TARGET_LPC1768/TOOLCHAIN_GCC_ARM/libmbed.a(Serial.o)
                0x000016fc                non-virtual thunk to mbed::Serial::_getc()
 .text._ZN4mbed6Serial5_putcEi
                0x00001704        0x4 ./mbed/TARGET_LPC1768/TOOLCHAIN_GCC_ARM/libmbed.a(Serial.o)
                0x00001704                mbed::Serial::_putc(int)
 .text._ZThn72_N4mbed6Serial5_putcEi
                0x00001708        0x8 ./mbed/TARGET_LPC1768/TOOLCHAIN_GCC_ARM/libmbed.a(Serial.o)
                0x00001708                non-virtual thunk to mbed::Serial::_putc(int)
 .text._ZN4mbed6SerialC2E7PinNameS1_PKc
                0x00001710       0x30 ./mbed/TARGET_LPC1768/TOOLCHAIN_GCC_ARM/libmbed.a(Serial.o)
                0x00001710                mbed::Serial::Serial(PinName, PinName, char const*)
                0x00001710                mbed::Serial::Serial(PinName, PinName, char const*)
 .text._ZN4mbed5TimerC2Ev
                0x00001740       0x18 ./mbed/TARGET_LPC1768/TOOLCHAIN_GCC_ARM/libmbed.a(Timer.o)
                0x00001740                mbed::Timer::Timer()
                0x00001740                mbed::Timer::Timer()
 .text._ZN4mbed5Timer5startEv
                0x00001758       0x14 ./mbed/TARGET_LPC1768/TOOLCHAIN_GCC_ARM/libmbed.a(Timer.o)
                0x00001758                mbed::Timer::start()
 .text._ZN4mbed5Timer4stopEv
                0x0000176c       0x1c ./mbed/TARGET_LPC1768/TOOLCHAIN_GCC_ARM/libmbed.a(Timer.o)
                0x0000176c                mbed::Timer::stop()
 .text._ZN4mbed5Timer7read_usEv
                0x00001788       0x18 ./mbed/TARGET_LPC1768/TOOLCHAIN_GCC_ARM/libmbed.a(Timer.o)
                0x00001788                mbed::Timer::read_us()
 .text._ZN4mbed5Timer5resetEv
                0x000017a0       0x10 ./mbed/TARGET_LPC1768/TOOLCHAIN_GCC_ARM/libmbed.a(Timer.o)
                0x000017a0                mbed::Timer::reset()
 .text.mbed_assert_internal
                0x000017b0       0x2c ./mbed/TARGET_LPC1768/TOOLCHAIN_GCC_ARM/libmbed.a(assert.o)
                0x000017b0                mbed_assert_internal
 .text.error    0x000017dc       0x24 ./mbed/TARGET_LPC1768/TOOLCHAIN_GCC_ARM/libmbed.a(error.o)
                0x000017dc                error
 .text.mbed_interface_connected
                0x00001800        0x4 ./mbed/TARGET_LPC1768/TOOLCHAIN_GCC_ARM/libmbed.a(mbed_interface.o)
                0x00001800                mbed_interface_connected
 .text.gpio_init_in
                0x00001804       0x24 ./mbed/TARGET_LPC1768/TOOLCHAIN_GCC_ARM/libmbed.a(gpio.o)
                0x00001804                gpio_init_in
 .text.gpio_init_out
                0x00001828       0x44 ./mbed/TARGET_LPC1768/TOOLCHAIN_GCC_ARM/libmbed.a(gpio.o)
                0x00001828                gpio_init_out
 .text.gpio_init_out_ex
                0x0000186c       0x54 ./mbed/TARGET_LPC1768/TOOLCHAIN_GCC_ARM/libmbed.a(gpio.o)
                0x0000186c                gpio_init_out_ex
 .text.pinmap_pinout
                0x000018c0       0x40 ./mbed/TARGET_LPC1768/TOOLCHAIN_GCC_ARM/libmbed.a(pinmap_common.o)
                0x000018c0                pinmap_pinout
 .text.pinmap_merge
                0x00001900       0x24 ./mbed/TARGET_LPC1768/TOOLCHAIN_GCC_ARM/libmbed.a(pinmap_common.o)
                0x00001900                pinmap_merge
 .text.pinmap_find_peripheral
                0x00001924       0x1c ./mbed/TARGET_LPC1768/TOOLCHAIN_GCC_ARM/libmbed.a(pinmap_common.o)
                0x00001924                pinmap_find_peripheral
 .text.pinmap_peripheral
                0x00001940       0x34 ./mbed/TARGET_LPC1768/TOOLCHAIN_GCC_ARM/libmbed.a(pinmap_common.o)
                0x00001940                pinmap_peripheral
 .text.semihost_exit
                0x00001974       0x18 ./mbed/TARGET_LPC1768/TOOLCHAIN_GCC_ARM/libmbed.a(semihost_api.o)
                0x00001974                semihost_exit
 .text.semihost_connected
                0x0000198c       0x10 ./mbed/TARGET_LPC1768/TOOLCHAIN_GCC_ARM/libmbed.a(semihost_api.o)
                0x0000198c                semihost_connected
 .text.us_ticker_irq_handler
                0x0000199c       0x48 ./mbed/TARGET_LPC1768/TOOLCHAIN_GCC_ARM/libmbed.a(us_ticker_api.o)
                0x0000199c                us_ticker_irq_handler
 .text.wait_us  0x000019e4       0x18 ./mbed/TARGET_LPC1768/TOOLCHAIN_GCC_ARM/libmbed.a(wait_api.o)
                0x000019e4                wait_us
 .text.wait_ms  0x000019fc        0xc ./mbed/TARGET_LPC1768/TOOLCHAIN_GCC_ARM/libmbed.a(wait_api.o)
                0x000019fc                wait_ms
 .text.gpio_set
                0x00001a08       0x30 ./mbed/TARGET_LPC1768/TOOLCHAIN_GCC_ARM/libmbed.a(gpio_api.o)
                0x00001a08                gpio_set
 .text.gpio_init
                0x00001a38       0x30 ./mbed/TARGET_LPC1768/TOOLCHAIN_GCC_ARM/libmbed.a(gpio_api.o)
                0x00001a38                gpio_init
 .text.gpio_mode
                0x00001a68        0x8 ./mbed/TARGET_LPC1768/TOOLCHAIN_GCC_ARM/libmbed.a(gpio_api.o)
                0x00001a68                gpio_mode
 .text.gpio_dir
                0x00001a70       0x44 ./mbed/TARGET_LPC1768/TOOLCHAIN_GCC_ARM/libmbed.a(gpio_api.o)
                0x00001a70                gpio_dir
 .text.pin_function
                0x00001ab4       0x50 ./mbed/TARGET_LPC1768/TOOLCHAIN_GCC_ARM/libmbed.a(pinmap.o)
                0x00001ab4                pin_function
 .text.pin_mode
                0x00001b04       0x78 ./mbed/TARGET_LPC1768/TOOLCHAIN_GCC_ARM/libmbed.a(pinmap.o)
                0x00001b04                pin_mode
 .text.us_ticker_init
                0x00001b7c       0x68 ./mbed/TARGET_LPC1768/TOOLCHAIN_GCC_ARM/libmbed.a(us_ticker.o)
                0x00001b7c                us_ticker_init
 .text.us_ticker_read
                0x00001be4       0x1c ./mbed/TARGET_LPC1768/TOOLCHAIN_GCC_ARM/libmbed.a(us_ticker.o)
                0x00001be4                us_ticker_read
 .text.us_ticker_set_interrupt
                0x00001c00       0x14 ./mbed/TARGET_LPC1768/TOOLCHAIN_GCC_ARM/libmbed.a(us_ticker.o)
                0x00001c00                us_ticker_set_interrupt
 .text.us_ticker_disable_interrupt
                0x00001c14       0x10 ./mbed/TARGET_LPC1768/TOOLCHAIN_GCC_ARM/libmbed.a(us_ticker.o)
                0x00001c14                us_ticker_disable_interrupt
 .text.us_ticker_clear_interrupt
                0x00001c24        0xc ./mbed/TARGET_LPC1768/TOOLCHAIN_GCC_ARM/libmbed.a(us_ticker.o)
                0x00001c24                us_ticker_clear_interrupt
 .text._ZN4mbed8FileBaseD2Ev
                0x00001c30       0x30 ./mbed/TARGET_LPC1768/TOOLCHAIN_GCC_ARM/libmbed.a(FileBase.o)
                0x00001c30                mbed::FileBase::~FileBase()
                0x00001c30                mbed::FileBase::~FileBase()
 .text._ZN4mbed8FileBaseD0Ev
                0x00001c60       0x3c ./mbed/TARGET_LPC1768/TOOLCHAIN_GCC_ARM/libmbed.a(FileBase.o)
                0x00001c60                mbed::FileBase::~FileBase()
 .text._ZN4mbed8FileBaseC2EPKcNS_8PathTypeE
                0x00001c9c       0x28 ./mbed/TARGET_LPC1768/TOOLCHAIN_GCC_ARM/libmbed.a(FileBase.o)
                0x00001c9c                mbed::FileBase::FileBase(char const*, mbed::PathType)
                0x00001c9c                mbed::FileBase::FileBase(char const*, mbed::PathType)
 .text._ZN4mbed8FileBase6lookupEPKcj
                0x00001cc4       0x3c ./mbed/TARGET_LPC1768/TOOLCHAIN_GCC_ARM/libmbed.a(FileBase.o)
                0x00001cc4                mbed::FileBase::lookup(char const*, unsigned int)
 .text._ZN4mbed8FileBase11getPathTypeEv
                0x00001d00        0x4 ./mbed/TARGET_LPC1768/TOOLCHAIN_GCC_ARM/libmbed.a(FileBase.o)
                0x00001d00                mbed::FileBase::getPathType()
 .text._ZN4mbed8FileLikeD2Ev
                0x00001d04       0x24 ./mbed/TARGET_LPC1768/TOOLCHAIN_GCC_ARM/libmbed.a(FileLike.o)
                0x00001d04                mbed::FileLike::~FileLike()
                0x00001d04                mbed::FileLike::~FileLike()
 .text._ZThn4_N4mbed8FileLikeD1Ev
                0x00001d28        0x8 ./mbed/TARGET_LPC1768/TOOLCHAIN_GCC_ARM/libmbed.a(FileLike.o)
                0x00001d28                non-virtual thunk to mbed::FileLike::~FileLike()
 .text._ZN4mbed8FileLikeD0Ev
                0x00001d30       0x2c ./mbed/TARGET_LPC1768/TOOLCHAIN_GCC_ARM/libmbed.a(FileLike.o)
                0x00001d30                mbed::FileLike::~FileLike()
 .text._ZThn4_N4mbed8FileLikeD0Ev
                0x00001d5c        0x8 ./mbed/TARGET_LPC1768/TOOLCHAIN_GCC_ARM/libmbed.a(FileLike.o)
                0x00001d5c                non-virtual thunk to mbed::FileLike::~FileLike()
 .text._ZN4mbed8FileLikeC2EPKc
                0x00001d64       0x28 ./mbed/TARGET_LPC1768/TOOLCHAIN_GCC_ARM/libmbed.a(FileLike.o)
                0x00001d64                mbed::FileLike::FileLike(char const*)
                0x00001d64                mbed::FileLike::FileLike(char const*)
 .text._ZN4mbed15FunctionPointerC2EPFvvE
                0x00001d8c        0xc ./mbed/TARGET_LPC1768/TOOLCHAIN_GCC_ARM/libmbed.a(FunctionPointer.o)
                0x00001d8c                mbed::FunctionPointer::FunctionPointer(void (*)())
                0x00001d8c                mbed::FunctionPointer::FunctionPointer(void (*)())
 .text._ZN4mbed15FunctionPointer4callEv
                0x00001d98       0x18 ./mbed/TARGET_LPC1768/TOOLCHAIN_GCC_ARM/libmbed.a(FunctionPointer.o)
                0x00001d98                mbed::FunctionPointer::call()
 .text._ZN4mbed10SerialBase12_irq_handlerEm9SerialIrq
                0x00001db0       0x10 ./mbed/TARGET_LPC1768/TOOLCHAIN_GCC_ARM/libmbed.a(SerialBase.o)
                0x00001db0                mbed::SerialBase::_irq_handler(unsigned long, SerialIrq)
 .text._ZN4mbed10SerialBaseC2E7PinNameS1_
                0x00001dc0       0x4c ./mbed/TARGET_LPC1768/TOOLCHAIN_GCC_ARM/libmbed.a(SerialBase.o)
                0x00001dc0                mbed::SerialBase::SerialBase(PinName, PinName)
                0x00001dc0                mbed::SerialBase::SerialBase(PinName, PinName)
 .text._ZN4mbed10SerialBase10_base_getcEv
                0x00001e0c        0x8 ./mbed/TARGET_LPC1768/TOOLCHAIN_GCC_ARM/libmbed.a(SerialBase.o)
                0x00001e0c                mbed::SerialBase::_base_getc()
 .text._ZN4mbed10SerialBase10_base_putcEi
                0x00001e14       0x10 ./mbed/TARGET_LPC1768/TOOLCHAIN_GCC_ARM/libmbed.a(SerialBase.o)
                0x00001e14                mbed::SerialBase::_base_putc(int)
 .text._ZdlPv   0x00001e24        0x8 /home/krupkad/gcc-arm-none-eabi-4_8-2014q3/bin/../lib/gcc/arm-none-eabi/4.8.4/../../../../arm-none-eabi/lib/armv7-m/libstdc++_s.a(del_op.o)
                0x00001e24                operator delete(void*)
 .text.__aeabi_atexit
                0x00001e2c        0xa /home/krupkad/gcc-arm-none-eabi-4_8-2014q3/bin/../lib/gcc/arm-none-eabi/4.8.4/../../../../arm-none-eabi/lib/armv7-m/libstdc++_s.a(atexit_arm.o)
                0x00001e2c                __aeabi_atexit
 .text.abs      0x00001e36        0x8 /home/krupkad/gcc-arm-none-eabi-4_8-2014q3/bin/../lib/gcc/arm-none-eabi/4.8.4/../../../../arm-none-eabi/lib/armv7-m/libc_s.a(lib_a-abs.o)
                0x00001e36                abs
 *fill*         0x00001e3e        0x2 
 .text.__cxa_atexit
                0x00001e40       0x20 /home/krupkad/gcc-arm-none-eabi-4_8-2014q3/bin/../lib/gcc/arm-none-eabi/4.8.4/../../../../arm-none-eabi/lib/armv7-m/libc_s.a(lib_a-cxa_atexit.o)
                0x00001e40                __cxa_atexit
 .text.__errno  0x00001e60        0xc /home/krupkad/gcc-arm-none-eabi-4_8-2014q3/bin/../lib/gcc/arm-none-eabi/4.8.4/../../../../arm-none-eabi/lib/armv7-m/libc_s.a(lib_a-errno.o)
                0x00001e60                __errno
 .text.exit     0x00001e6c       0x28 /home/krupkad/gcc-arm-none-eabi-4_8-2014q3/bin/../lib/gcc/arm-none-eabi/4.8.4/../../../../arm-none-eabi/lib/armv7-m/libc_s.a(lib_a-exit.o)
                0x00001e6c                exit
 .text._fclose_r
                0x00001e94       0xa4 /home/krupkad/gcc-arm-none-eabi-4_8-2014q3/bin/../lib/gcc/arm-none-eabi/4.8.4/../../../../arm-none-eabi/lib/armv7-m/libc_s.a(lib_a-fclose.o)
                0x00001e94                _fclose_r
 .text.fclose   0x00001f38       0x10 /home/krupkad/gcc-arm-none-eabi-4_8-2014q3/bin/../lib/gcc/arm-none-eabi/4.8.4/../../../../arm-none-eabi/lib/armv7-m/libc_s.a(lib_a-fclose.o)
                0x00001f38                fclose
 .text.__sflush_r
                0x00001f48      0x106 /home/krupkad/gcc-arm-none-eabi-4_8-2014q3/bin/../lib/gcc/arm-none-eabi/4.8.4/../../../../arm-none-eabi/lib/armv7-m/libc_s.a(lib_a-fflush.o)
                0x00001f48                __sflush_r
 *fill*         0x0000204e        0x2 
 .text._fflush_r
                0x00002050       0x54 /home/krupkad/gcc-arm-none-eabi-4_8-2014q3/bin/../lib/gcc/arm-none-eabi/4.8.4/../../../../arm-none-eabi/lib/armv7-m/libc_s.a(lib_a-fflush.o)
                0x00002050                _fflush_r
 .text.fflush   0x000020a4       0x24 /home/krupkad/gcc-arm-none-eabi-4_8-2014q3/bin/../lib/gcc/arm-none-eabi/4.8.4/../../../../arm-none-eabi/lib/armv7-m/libc_s.a(lib_a-fflush.o)
                0x000020a4                fflush
 .text._cleanup_r
                0x000020c8       0x32 /home/krupkad/gcc-arm-none-eabi-4_8-2014q3/bin/../lib/gcc/arm-none-eabi/4.8.4/../../../../arm-none-eabi/lib/armv7-m/libc_s.a(lib_a-findfp.o)
                0x000020c8                _cleanup_r
 *fill*         0x000020fa        0x2 
 .text.std.isra.0
                0x000020fc       0x48 /home/krupkad/gcc-arm-none-eabi-4_8-2014q3/bin/../lib/gcc/arm-none-eabi/4.8.4/../../../../arm-none-eabi/lib/armv7-m/libc_s.a(lib_a-findfp.o)
 .text.__sfmoreglue
                0x00002144       0x2c /home/krupkad/gcc-arm-none-eabi-4_8-2014q3/bin/../lib/gcc/arm-none-eabi/4.8.4/../../../../arm-none-eabi/lib/armv7-m/libc_s.a(lib_a-findfp.o)
                0x00002144                __sfmoreglue
 .text.__sinit  0x00002170       0x60 /home/krupkad/gcc-arm-none-eabi-4_8-2014q3/bin/../lib/gcc/arm-none-eabi/4.8.4/../../../../arm-none-eabi/lib/armv7-m/libc_s.a(lib_a-findfp.o)
                0x00002170                __sinit
 .text.__sfp    0x000021d0       0x74 /home/krupkad/gcc-arm-none-eabi-4_8-2014q3/bin/../lib/gcc/arm-none-eabi/4.8.4/../../../../arm-none-eabi/lib/armv7-m/libc_s.a(lib_a-findfp.o)
                0x000021d0                __sfp
 .text.__sfp_lock_acquire
                0x00002244        0x2 /home/krupkad/gcc-arm-none-eabi-4_8-2014q3/bin/../lib/gcc/arm-none-eabi/4.8.4/../../../../arm-none-eabi/lib/armv7-m/libc_s.a(lib_a-findfp.o)
                0x00002244                __sfp_lock_acquire
 .text.__sfp_lock_release
                0x00002246        0x2 /home/krupkad/gcc-arm-none-eabi-4_8-2014q3/bin/../lib/gcc/arm-none-eabi/4.8.4/../../../../arm-none-eabi/lib/armv7-m/libc_s.a(lib_a-findfp.o)
                0x00002246                __sfp_lock_release
 .text._fopen_r
                0x00002248       0x80 /home/krupkad/gcc-arm-none-eabi-4_8-2014q3/bin/../lib/gcc/arm-none-eabi/4.8.4/../../../../arm-none-eabi/lib/armv7-m/libc_s.a(lib_a-fopen.o)
                0x00002248                _fopen_r
 .text.fopen    0x000022c8       0x14 /home/krupkad/gcc-arm-none-eabi-4_8-2014q3/bin/../lib/gcc/arm-none-eabi/4.8.4/../../../../arm-none-eabi/lib/armv7-m/libc_s.a(lib_a-fopen.o)
                0x000022c8                fopen
 .text.fprintf  0x000022dc       0x24 /home/krupkad/gcc-arm-none-eabi-4_8-2014q3/bin/../lib/gcc/arm-none-eabi/4.8.4/../../../../arm-none-eabi/lib/armv7-m/libc_s.a(lib_a-fprintf.o)
                0x000022dc                fprintf
                0x000022dc                fiprintf
 .text._fseek_r
                0x00002300        0x4 /home/krupkad/gcc-arm-none-eabi-4_8-2014q3/bin/../lib/gcc/arm-none-eabi/4.8.4/../../../../arm-none-eabi/lib/armv7-m/libc_s.a(lib_a-fseek.o)
                0x00002300                _fseek_r
 .text._fseeko_r
                0x00002304      0x11c /home/krupkad/gcc-arm-none-eabi-4_8-2014q3/bin/../lib/gcc/arm-none-eabi/4.8.4/../../../../arm-none-eabi/lib/armv7-m/libc_s.a(lib_a-fseeko.o)
                0x00002304                _fseeko_r
 .text._fwalk_reent
                0x00002420       0x3c /home/krupkad/gcc-arm-none-eabi-4_8-2014q3/bin/../lib/gcc/arm-none-eabi/4.8.4/../../../../arm-none-eabi/lib/armv7-m/libc_s.a(lib_a-fwalk.o)
                0x00002420                _fwalk_reent
 .text.__libc_init_array
                0x0000245c       0x4c /home/krupkad/gcc-arm-none-eabi-4_8-2014q3/bin/../lib/gcc/arm-none-eabi/4.8.4/../../../../arm-none-eabi/lib/armv7-m/libc_s.a(lib_a-init.o)
                0x0000245c                __libc_init_array
 .text.__smakebuf_r
                0x000024a8       0x98 /home/krupkad/gcc-arm-none-eabi-4_8-2014q3/bin/../lib/gcc/arm-none-eabi/4.8.4/../../../../arm-none-eabi/lib/armv7-m/libc_s.a(lib_a-makebuf.o)
                0x000024a8                __smakebuf_r
 .text.malloc   0x00002540       0x10 /home/krupkad/gcc-arm-none-eabi-4_8-2014q3/bin/../lib/gcc/arm-none-eabi/4.8.4/../../../../arm-none-eabi/lib/armv7-m/libc_s.a(lib_a-malloc.o)
                0x00002540                malloc
 .text.free     0x00002550       0x10 /home/krupkad/gcc-arm-none-eabi-4_8-2014q3/bin/../lib/gcc/arm-none-eabi/4.8.4/../../../../arm-none-eabi/lib/armv7-m/libc_s.a(lib_a-malloc.o)
                0x00002550                free
 .text.memchr   0x00002560       0x1c /home/krupkad/gcc-arm-none-eabi-4_8-2014q3/bin/../lib/gcc/arm-none-eabi/4.8.4/../../../../arm-none-eabi/lib/armv7-m/libc_s.a(lib_a-memchr-stub.o)
                0x00002560                memchr
 .text.memcpy   0x0000257c       0x12 /home/krupkad/gcc-arm-none-eabi-4_8-2014q3/bin/../lib/gcc/arm-none-eabi/4.8.4/../../../../arm-none-eabi/lib/armv7-m/libc_s.a(lib_a-memcpy-stub.o)
                0x0000257c                memcpy
 .text.memset   0x0000258e       0x10 /home/krupkad/gcc-arm-none-eabi-4_8-2014q3/bin/../lib/gcc/arm-none-eabi/4.8.4/../../../../arm-none-eabi/lib/armv7-m/libc_s.a(lib_a-memset.o)
                0x0000258e                memset
 *fill*         0x0000259e        0x2 
 .text._free_r  0x000025a0       0x88 /home/krupkad/gcc-arm-none-eabi-4_8-2014q3/bin/../lib/gcc/arm-none-eabi/4.8.4/../../../../arm-none-eabi/lib/armv7-m/libc_s.a(lib_a-nano-freer.o)
                0x000025a0                _free_r
 .text._malloc_r
                0x00002628       0xa8 /home/krupkad/gcc-arm-none-eabi-4_8-2014q3/bin/../lib/gcc/arm-none-eabi/4.8.4/../../../../arm-none-eabi/lib/armv7-m/libc_s.a(lib_a-nano-mallocr.o)
                0x00002628                _malloc_r
 .text._open_r  0x000026d0       0x24 /home/krupkad/gcc-arm-none-eabi-4_8-2014q3/bin/../lib/gcc/arm-none-eabi/4.8.4/../../../../arm-none-eabi/lib/armv7-m/libc_s.a(lib_a-openr.o)
                0x000026d0                _open_r
 .text.printf   0x000026f4       0x30 /home/krupkad/gcc-arm-none-eabi-4_8-2014q3/bin/../lib/gcc/arm-none-eabi/4.8.4/../../../../arm-none-eabi/lib/armv7-m/libc_s.a(lib_a-printf.o)
                0x000026f4                printf
                0x000026f4                iprintf
 .text._sbrk_r  0x00002724       0x20 /home/krupkad/gcc-arm-none-eabi-4_8-2014q3/bin/../lib/gcc/arm-none-eabi/4.8.4/../../../../arm-none-eabi/lib/armv7-m/libc_s.a(lib_a-sbrkr.o)
                0x00002724                _sbrk_r
 .text.setbuf   0x00002744       0x10 /home/krupkad/gcc-arm-none-eabi-4_8-2014q3/bin/../lib/gcc/arm-none-eabi/4.8.4/../../../../arm-none-eabi/lib/armv7-m/libc_s.a(lib_a-setbuf.o)
                0x00002744                setbuf
 .text.setvbuf  0x00002754      0x110 /home/krupkad/gcc-arm-none-eabi-4_8-2014q3/bin/../lib/gcc/arm-none-eabi/4.8.4/../../../../arm-none-eabi/lib/armv7-m/libc_s.a(lib_a-setvbuf.o)
                0x00002754                setvbuf
 .text.sprintf  0x00002864       0x48 /home/krupkad/gcc-arm-none-eabi-4_8-2014q3/bin/../lib/gcc/arm-none-eabi/4.8.4/../../../../arm-none-eabi/lib/armv7-m/libc_s.a(lib_a-sprintf.o)
                0x00002864                sprintf
                0x00002864                siprintf
 .text.sscanf   0x000028ac       0x54 /home/krupkad/gcc-arm-none-eabi-4_8-2014q3/bin/../lib/gcc/arm-none-eabi/4.8.4/../../../../arm-none-eabi/lib/armv7-m/libc_s.a(lib_a-sscanf.o)
                0x000028ac                sscanf
                0x000028ac                siscanf
 .text.__sread  0x00002900       0x22 /home/krupkad/gcc-arm-none-eabi-4_8-2014q3/bin/../lib/gcc/arm-none-eabi/4.8.4/../../../../arm-none-eabi/lib/armv7-m/libc_s.a(lib_a-stdio.o)
                0x00002900                __sread
 .text.__seofread
                0x00002922        0x4 /home/krupkad/gcc-arm-none-eabi-4_8-2014q3/bin/../lib/gcc/arm-none-eabi/4.8.4/../../../../arm-none-eabi/lib/armv7-m/libc_s.a(lib_a-stdio.o)
                0x00002922                __seofread
 .text.__swrite
                0x00002926       0x38 /home/krupkad/gcc-arm-none-eabi-4_8-2014q3/bin/../lib/gcc/arm-none-eabi/4.8.4/../../../../arm-none-eabi/lib/armv7-m/libc_s.a(lib_a-stdio.o)
                0x00002926                __swrite
 .text.__sseek  0x0000295e       0x24 /home/krupkad/gcc-arm-none-eabi-4_8-2014q3/bin/../lib/gcc/arm-none-eabi/4.8.4/../../../../arm-none-eabi/lib/armv7-m/libc_s.a(lib_a-stdio.o)
                0x0000295e                __sseek
 .text.__sclose
                0x00002982        0x8 /home/krupkad/gcc-arm-none-eabi-4_8-2014q3/bin/../lib/gcc/arm-none-eabi/4.8.4/../../../../arm-none-eabi/lib/armv7-m/libc_s.a(lib_a-stdio.o)
                0x00002982                __sclose
 .text          0x0000298a       0x14 /home/krupkad/gcc-arm-none-eabi-4_8-2014q3/bin/../lib/gcc/arm-none-eabi/4.8.4/../../../../arm-none-eabi/lib/armv7-m/libc_s.a(lib_a-strcmp.o)
                0x0000298a                strcmp
 .text.strlen   0x0000299e       0x10 /home/krupkad/gcc-arm-none-eabi-4_8-2014q3/bin/../lib/gcc/arm-none-eabi/4.8.4/../../../../arm-none-eabi/lib/armv7-m/libc_s.a(lib_a-strlen.o)
                0x0000299e                strlen
 .text.strncmp  0x000029ae       0x2c /home/krupkad/gcc-arm-none-eabi-4_8-2014q3/bin/../lib/gcc/arm-none-eabi/4.8.4/../../../../arm-none-eabi/lib/armv7-m/libc_s.a(lib_a-strncmp.o)
                0x000029ae                strncmp
 .text.__ssputs_r
                0x000029da       0xb8 /home/krupkad/gcc-arm-none-eabi-4_8-2014q3/bin/../lib/gcc/arm-none-eabi/4.8.4/../../../../arm-none-eabi/lib/armv7-m/libc_s.a(lib_a-svfprintf.o)
                0x000029da                __ssputs_r
 *fill*         0x00002a92        0x2 
 .text._svfprintf_r
                0x00002a94      0x1d8 /home/krupkad/gcc-arm-none-eabi-4_8-2014q3/bin/../lib/gcc/arm-none-eabi/4.8.4/../../../../arm-none-eabi/lib/armv7-m/libc_s.a(lib_a-svfprintf.o)
                0x00002a94                _svfprintf_r
                0x00002a94                _svfiprintf_r
 .text._sungetc_r
                0x00002c6c       0x7a /home/krupkad/gcc-arm-none-eabi-4_8-2014q3/bin/../lib/gcc/arm-none-eabi/4.8.4/../../../../arm-none-eabi/lib/armv7-m/libc_s.a(lib_a-svfscanf.o)
                0x00002c6c                _sungetc_r
 .text.__ssrefill_r
                0x00002ce6       0x3a /home/krupkad/gcc-arm-none-eabi-4_8-2014q3/bin/../lib/gcc/arm-none-eabi/4.8.4/../../../../arm-none-eabi/lib/armv7-m/libc_s.a(lib_a-svfscanf.o)
                0x00002ce6                __ssrefill_r
 .text.__ssvfscanf_r
                0x00002d20      0x29c /home/krupkad/gcc-arm-none-eabi-4_8-2014q3/bin/../lib/gcc/arm-none-eabi/4.8.4/../../../../arm-none-eabi/lib/armv7-m/libc_s.a(lib_a-svfscanf.o)
                0x00002d20                __ssvfscanf_r
                0x00002d20                __ssvfiscanf_r
 .text.__submore
                0x00002fbc       0x72 /home/krupkad/gcc-arm-none-eabi-4_8-2014q3/bin/../lib/gcc/arm-none-eabi/4.8.4/../../../../arm-none-eabi/lib/armv7-m/libc_s.a(lib_a-ungetc.o)
                0x00002fbc                __submore
 .text.__sfputc_r
                0x0000302e       0x2c /home/krupkad/gcc-arm-none-eabi-4_8-2014q3/bin/../lib/gcc/arm-none-eabi/4.8.4/../../../../arm-none-eabi/lib/armv7-m/libc_s.a(lib_a-vfprintf.o)
 .text.__sfputs_r
                0x0000305a       0x24 /home/krupkad/gcc-arm-none-eabi-4_8-2014q3/bin/../lib/gcc/arm-none-eabi/4.8.4/../../../../arm-none-eabi/lib/armv7-m/libc_s.a(lib_a-vfprintf.o)
                0x0000305a                __sfputs_r
 *fill*         0x0000307e        0x2 
 .text._vfprintf_r
                0x00003080      0x208 /home/krupkad/gcc-arm-none-eabi-4_8-2014q3/bin/../lib/gcc/arm-none-eabi/4.8.4/../../../../arm-none-eabi/lib/armv7-m/libc_s.a(lib_a-vfprintf.o)
                0x00003080                _vfiprintf_r
                0x00003080                _vfprintf_r
 .text.vfprintf
                0x00003288       0x1c /home/krupkad/gcc-arm-none-eabi-4_8-2014q3/bin/../lib/gcc/arm-none-eabi/4.8.4/../../../../arm-none-eabi/lib/armv7-m/libc_s.a(lib_a-vfprintf.o)
                0x00003288                vfiprintf
                0x00003288                vfprintf
 .text.__cvt    0x000032a4       0xc0 /home/krupkad/gcc-arm-none-eabi-4_8-2014q3/bin/../lib/gcc/arm-none-eabi/4.8.4/../../../../arm-none-eabi/lib/armv7-m/libc_s.a(lib_a-vfprintf_float.o)
                0x000032a4                __cvt
 .text.__exponent
                0x00003364       0x68 /home/krupkad/gcc-arm-none-eabi-4_8-2014q3/bin/../lib/gcc/arm-none-eabi/4.8.4/../../../../arm-none-eabi/lib/armv7-m/libc_s.a(lib_a-vfprintf_float.o)
                0x00003364                __exponent
 .text._printf_float
                0x000033cc      0x41c /home/krupkad/gcc-arm-none-eabi-4_8-2014q3/bin/../lib/gcc/arm-none-eabi/4.8.4/../../../../arm-none-eabi/lib/armv7-m/libc_s.a(lib_a-vfprintf_float.o)
                0x000033cc                _printf_float
 .text._printf_common
                0x000037e8       0xe4 /home/krupkad/gcc-arm-none-eabi-4_8-2014q3/bin/../lib/gcc/arm-none-eabi/4.8.4/../../../../arm-none-eabi/lib/armv7-m/libc_s.a(lib_a-vfprintf_i.o)
                0x000037e8                _printf_common
 .text._printf_i
                0x000038cc      0x228 /home/krupkad/gcc-arm-none-eabi-4_8-2014q3/bin/../lib/gcc/arm-none-eabi/4.8.4/../../../../arm-none-eabi/lib/armv7-m/libc_s.a(lib_a-vfprintf_i.o)
                0x000038cc                _printf_i
 .text._scanf_float
                0x00003af4      0x3d8 /home/krupkad/gcc-arm-none-eabi-4_8-2014q3/bin/../lib/gcc/arm-none-eabi/4.8.4/../../../../arm-none-eabi/lib/armv7-m/libc_s.a(lib_a-vfscanf_float.o)
                0x00003af4                _scanf_float
 .text._scanf_chars
                0x00003ecc       0xc0 /home/krupkad/gcc-arm-none-eabi-4_8-2014q3/bin/../lib/gcc/arm-none-eabi/4.8.4/../../../../arm-none-eabi/lib/armv7-m/libc_s.a(lib_a-vfscanf_i.o)
                0x00003ecc                _scanf_chars
 .text._scanf_i
                0x00003f8c      0x1ec /home/krupkad/gcc-arm-none-eabi-4_8-2014q3/bin/../lib/gcc/arm-none-eabi/4.8.4/../../../../arm-none-eabi/lib/armv7-m/libc_s.a(lib_a-vfscanf_i.o)
                0x00003f8c                _scanf_i
 .text.__swbuf_r
                0x00004178       0xa8 /home/krupkad/gcc-arm-none-eabi-4_8-2014q3/bin/../lib/gcc/arm-none-eabi/4.8.4/../../../../arm-none-eabi/lib/armv7-m/libc_s.a(lib_a-wbuf.o)
                0x00004178                __swbuf_r
 .text._write_r
                0x00004220       0x24 /home/krupkad/gcc-arm-none-eabi-4_8-2014q3/bin/../lib/gcc/arm-none-eabi/4.8.4/../../../../arm-none-eabi/lib/armv7-m/libc_s.a(lib_a-writer.o)
                0x00004220                _write_r
 .text.__swsetup_r
                0x00004244       0xdc /home/krupkad/gcc-arm-none-eabi-4_8-2014q3/bin/../lib/gcc/arm-none-eabi/4.8.4/../../../../arm-none-eabi/lib/armv7-m/libc_s.a(lib_a-wsetup.o)
                0x00004244                __swsetup_r
 .text._close_r
                0x00004320       0x20 /home/krupkad/gcc-arm-none-eabi-4_8-2014q3/bin/../lib/gcc/arm-none-eabi/4.8.4/../../../../arm-none-eabi/lib/armv7-m/libc_s.a(lib_a-closer.o)
                0x00004320                _close_r
 .text.quorem   0x00004340      0x11e /home/krupkad/gcc-arm-none-eabi-4_8-2014q3/bin/../lib/gcc/arm-none-eabi/4.8.4/../../../../arm-none-eabi/lib/armv7-m/libc_s.a(lib_a-dtoa.o)
 *fill*         0x0000445e        0x2 
 .text._dtoa_r  0x00004460      0xb80 /home/krupkad/gcc-arm-none-eabi-4_8-2014q3/bin/../lib/gcc/arm-none-eabi/4.8.4/../../../../arm-none-eabi/lib/armv7-m/libc_s.a(lib_a-dtoa.o)
                0x00004460                _dtoa_r
 .text.__sflags
                0x00004fe0       0x6e /home/krupkad/gcc-arm-none-eabi-4_8-2014q3/bin/../lib/gcc/arm-none-eabi/4.8.4/../../../../arm-none-eabi/lib/armv7-m/libc_s.a(lib_a-flags.o)
                0x00004fe0                __sflags
 *fill*         0x0000504e        0x2 
 .text._fstat_r
                0x00005050       0x24 /home/krupkad/gcc-arm-none-eabi-4_8-2014q3/bin/../lib/gcc/arm-none-eabi/4.8.4/../../../../arm-none-eabi/lib/armv7-m/libc_s.a(lib_a-fstatr.o)
                0x00005050                _fstat_r
 .text._isatty_r
                0x00005074       0x20 /home/krupkad/gcc-arm-none-eabi-4_8-2014q3/bin/../lib/gcc/arm-none-eabi/4.8.4/../../../../arm-none-eabi/lib/armv7-m/libc_s.a(lib_a-isattyr.o)
                0x00005074                _isatty_r
 .text._localeconv_r
                0x00005094        0x8 /home/krupkad/gcc-arm-none-eabi-4_8-2014q3/bin/../lib/gcc/arm-none-eabi/4.8.4/../../../../arm-none-eabi/lib/armv7-m/libc_s.a(lib_a-locale.o)
                0x00005094                _localeconv_r
 .text._lseek_r
                0x0000509c       0x24 /home/krupkad/gcc-arm-none-eabi-4_8-2014q3/bin/../lib/gcc/arm-none-eabi/4.8.4/../../../../arm-none-eabi/lib/armv7-m/libc_s.a(lib_a-lseekr.o)
                0x0000509c                _lseek_r
 .text.memmove  0x000050c0       0x36 /home/krupkad/gcc-arm-none-eabi-4_8-2014q3/bin/../lib/gcc/arm-none-eabi/4.8.4/../../../../arm-none-eabi/lib/armv7-m/libc_s.a(lib_a-memmove.o)
                0x000050c0                memmove
 .text._Balloc  0x000050f6       0x6a /home/krupkad/gcc-arm-none-eabi-4_8-2014q3/bin/../lib/gcc/arm-none-eabi/4.8.4/../../../../arm-none-eabi/lib/armv7-m/libc_s.a(lib_a-mprec.o)
                0x000050f6                _Balloc
 .text._Bfree   0x00005160       0x2e /home/krupkad/gcc-arm-none-eabi-4_8-2014q3/bin/../lib/gcc/arm-none-eabi/4.8.4/../../../../arm-none-eabi/lib/armv7-m/libc_s.a(lib_a-mprec.o)
                0x00005160                _Bfree
 .text.__multadd
                0x0000518e       0x74 /home/krupkad/gcc-arm-none-eabi-4_8-2014q3/bin/../lib/gcc/arm-none-eabi/4.8.4/../../../../arm-none-eabi/lib/armv7-m/libc_s.a(lib_a-mprec.o)
                0x0000518e                __multadd
 .text.__s2b    0x00005202       0x84 /home/krupkad/gcc-arm-none-eabi-4_8-2014q3/bin/../lib/gcc/arm-none-eabi/4.8.4/../../../../arm-none-eabi/lib/armv7-m/libc_s.a(lib_a-mprec.o)
                0x00005202                __s2b
 .text.__hi0bits
                0x00005286       0x40 /home/krupkad/gcc-arm-none-eabi-4_8-2014q3/bin/../lib/gcc/arm-none-eabi/4.8.4/../../../../arm-none-eabi/lib/armv7-m/libc_s.a(lib_a-mprec.o)
                0x00005286                __hi0bits
 .text.__lo0bits
                0x000052c6       0x5a /home/krupkad/gcc-arm-none-eabi-4_8-2014q3/bin/../lib/gcc/arm-none-eabi/4.8.4/../../../../arm-none-eabi/lib/armv7-m/libc_s.a(lib_a-mprec.o)
                0x000052c6                __lo0bits
 .text.__i2b    0x00005320       0x12 /home/krupkad/gcc-arm-none-eabi-4_8-2014q3/bin/../lib/gcc/arm-none-eabi/4.8.4/../../../../arm-none-eabi/lib/armv7-m/libc_s.a(lib_a-mprec.o)
                0x00005320                __i2b
 .text.__multiply
                0x00005332      0x130 /home/krupkad/gcc-arm-none-eabi-4_8-2014q3/bin/../lib/gcc/arm-none-eabi/4.8.4/../../../../arm-none-eabi/lib/armv7-m/libc_s.a(lib_a-mprec.o)
                0x00005332                __multiply
 *fill*         0x00005462        0x2 
 .text.__pow5mult
                0x00005464       0x9c /home/krupkad/gcc-arm-none-eabi-4_8-2014q3/bin/../lib/gcc/arm-none-eabi/4.8.4/../../../../arm-none-eabi/lib/armv7-m/libc_s.a(lib_a-mprec.o)
                0x00005464                __pow5mult
 .text.__lshift
                0x00005500       0xa6 /home/krupkad/gcc-arm-none-eabi-4_8-2014q3/bin/../lib/gcc/arm-none-eabi/4.8.4/../../../../arm-none-eabi/lib/armv7-m/libc_s.a(lib_a-mprec.o)
                0x00005500                __lshift
 .text.__mcmp   0x000055a6       0x3a /home/krupkad/gcc-arm-none-eabi-4_8-2014q3/bin/../lib/gcc/arm-none-eabi/4.8.4/../../../../arm-none-eabi/lib/armv7-m/libc_s.a(lib_a-mprec.o)
                0x000055a6                __mcmp
 .text.__mdiff  0x000055e0       0xbe /home/krupkad/gcc-arm-none-eabi-4_8-2014q3/bin/../lib/gcc/arm-none-eabi/4.8.4/../../../../arm-none-eabi/lib/armv7-m/libc_s.a(lib_a-mprec.o)
                0x000055e0                __mdiff
 *fill*         0x0000569e        0x2 
 .text.__ulp    0x000056a0       0x44 /home/krupkad/gcc-arm-none-eabi-4_8-2014q3/bin/../lib/gcc/arm-none-eabi/4.8.4/../../../../arm-none-eabi/lib/armv7-m/libc_s.a(lib_a-mprec.o)
                0x000056a0                __ulp
 .text.__b2d    0x000056e4       0xa6 /home/krupkad/gcc-arm-none-eabi-4_8-2014q3/bin/../lib/gcc/arm-none-eabi/4.8.4/../../../../arm-none-eabi/lib/armv7-m/libc_s.a(lib_a-mprec.o)
                0x000056e4                __b2d
 .text.__d2b    0x0000578a       0xa4 /home/krupkad/gcc-arm-none-eabi-4_8-2014q3/bin/../lib/gcc/arm-none-eabi/4.8.4/../../../../arm-none-eabi/lib/armv7-m/libc_s.a(lib_a-mprec.o)
                0x0000578a                __d2b
 .text.__ratio  0x0000582e       0x4a /home/krupkad/gcc-arm-none-eabi-4_8-2014q3/bin/../lib/gcc/arm-none-eabi/4.8.4/../../../../arm-none-eabi/lib/armv7-m/libc_s.a(lib_a-mprec.o)
                0x0000582e                __ratio
 .text.__copybits
                0x00005878       0x32 /home/krupkad/gcc-arm-none-eabi-4_8-2014q3/bin/../lib/gcc/arm-none-eabi/4.8.4/../../../../arm-none-eabi/lib/armv7-m/libc_s.a(lib_a-mprec.o)
                0x00005878                __copybits
 .text.__any_on
                0x000058aa       0x48 /home/krupkad/gcc-arm-none-eabi-4_8-2014q3/bin/../lib/gcc/arm-none-eabi/4.8.4/../../../../arm-none-eabi/lib/armv7-m/libc_s.a(lib_a-mprec.o)
                0x000058aa                __any_on
 .text._calloc_r
                0x000058f2       0x1c /home/krupkad/gcc-arm-none-eabi-4_8-2014q3/bin/../lib/gcc/arm-none-eabi/4.8.4/../../../../arm-none-eabi/lib/armv7-m/libc_s.a(lib_a-nano-callocr.o)
                0x000058f2                _calloc_r
 .text._realloc_r
                0x0000590e       0x4c /home/krupkad/gcc-arm-none-eabi-4_8-2014q3/bin/../lib/gcc/arm-none-eabi/4.8.4/../../../../arm-none-eabi/lib/armv7-m/libc_s.a(lib_a-nano-reallocr.o)
                0x0000590e                _realloc_r
 *fill*         0x0000595a        0x2 
 .text._read_r  0x0000595c       0x24 /home/krupkad/gcc-arm-none-eabi-4_8-2014q3/bin/../lib/gcc/arm-none-eabi/4.8.4/../../../../arm-none-eabi/lib/armv7-m/libc_s.a(lib_a-readr.o)
                0x0000595c                _read_r
 .text.__fpclassifyd
                0x00005980       0x44 /home/krupkad/gcc-arm-none-eabi-4_8-2014q3/bin/../lib/gcc/arm-none-eabi/4.8.4/../../../../arm-none-eabi/lib/armv7-m/libc_s.a(lib_a-s_fpclassify.o)
                0x00005980                __fpclassifyd
 .text.__sccl   0x000059c4       0x62 /home/krupkad/gcc-arm-none-eabi-4_8-2014q3/bin/../lib/gcc/arm-none-eabi/4.8.4/../../../../arm-none-eabi/lib/armv7-m/libc_s.a(lib_a-sccl.o)
                0x000059c4                __sccl
 *fill*         0x00005a26        0x2 
 .text.nanf     0x00005a28        0x8 /home/krupkad/gcc-arm-none-eabi-4_8-2014q3/bin/../lib/gcc/arm-none-eabi/4.8.4/../../../../arm-none-eabi/lib/armv7-m/libc_s.a(lib_a-sf_nan.o)
                0x00005a28                nanf
 .text.match    0x00005a30       0x28 /home/krupkad/gcc-arm-none-eabi-4_8-2014q3/bin/../lib/gcc/arm-none-eabi/4.8.4/../../../../arm-none-eabi/lib/armv7-m/libc_s.a(lib_a-strtod.o)
 .text.sulp     0x00005a58       0x3e /home/krupkad/gcc-arm-none-eabi-4_8-2014q3/bin/../lib/gcc/arm-none-eabi/4.8.4/../../../../arm-none-eabi/lib/armv7-m/libc_s.a(lib_a-strtod.o)
 *fill*         0x00005a96        0x2 
 .text._strtod_r
                0x00005a98      0xc38 /home/krupkad/gcc-arm-none-eabi-4_8-2014q3/bin/../lib/gcc/arm-none-eabi/4.8.4/../../../../arm-none-eabi/lib/armv7-m/libc_s.a(lib_a-strtod.o)
                0x00005a98                _strtod_r
 .text._strtol_r
                0x000066d0      0x104 /home/krupkad/gcc-arm-none-eabi-4_8-2014q3/bin/../lib/gcc/arm-none-eabi/4.8.4/../../../../arm-none-eabi/lib/armv7-m/libc_s.a(lib_a-strtol.o)
                0x000066d0                _strtol_r
 .text._strtoul_r
                0x000067d4       0xf0 /home/krupkad/gcc-arm-none-eabi-4_8-2014q3/bin/../lib/gcc/arm-none-eabi/4.8.4/../../../../arm-none-eabi/lib/armv7-m/libc_s.a(lib_a-strtoul.o)
                0x000067d4                _strtoul_r
 .text.rshift   0x000068c4       0x6a /home/krupkad/gcc-arm-none-eabi-4_8-2014q3/bin/../lib/gcc/arm-none-eabi/4.8.4/../../../../arm-none-eabi/lib/armv7-m/libc_s.a(lib_a-gdtoa-gethex.o)
 .text.__hexdig_fun
                0x0000692e       0x2a /home/krupkad/gcc-arm-none-eabi-4_8-2014q3/bin/../lib/gcc/arm-none-eabi/4.8.4/../../../../arm-none-eabi/lib/armv7-m/libc_s.a(lib_a-gdtoa-gethex.o)
                0x0000692e                __hexdig_fun
 .text.__gethex
                0x00006958      0x45e /home/krupkad/gcc-arm-none-eabi-4_8-2014q3/bin/../lib/gcc/arm-none-eabi/4.8.4/../../../../arm-none-eabi/lib/armv7-m/libc_s.a(lib_a-gdtoa-gethex.o)
                0x00006958                __gethex
 .text.L_shift  0x00006db6       0x26 /home/krupkad/gcc-arm-none-eabi-4_8-2014q3/bin/../lib/gcc/arm-none-eabi/4.8.4/../../../../arm-none-eabi/lib/armv7-m/libc_s.a(lib_a-gdtoa-hexnan.o)
 .text.__hexnan
                0x00006ddc      0x120 /home/krupkad/gcc-arm-none-eabi-4_8-2014q3/bin/../lib/gcc/arm-none-eabi/4.8.4/../../../../arm-none-eabi/lib/armv7-m/libc_s.a(lib_a-gdtoa-hexnan.o)
                0x00006ddc                __hexnan
 .text._malloc_usable_size_r
                0x00006efc       0x12 /home/krupkad/gcc-arm-none-eabi-4_8-2014q3/bin/../lib/gcc/arm-none-eabi/4.8.4/../../../../arm-none-eabi/lib/armv7-m/libc_s.a(lib_a-nano-msizer.o)
                0x00006efc                _malloc_usable_size_r
 *fill*         0x00006f0e        0x2 
 .text          0x00006f10      0x370 /home/krupkad/gcc-arm-none-eabi-4_8-2014q3/bin/../lib/gcc/arm-none-eabi/4.8.4/armv7-m/libgcc.a(_arm_addsubdf3.o)
                0x00006f10                __aeabi_drsub
                0x00006f18                __aeabi_dsub
                0x00006f18                __subdf3
                0x00006f1c                __adddf3
                0x00006f1c                __aeabi_dadd
                0x00007194                __aeabi_ui2d
                0x00007194                __floatunsidf
                0x000071b4                __floatsidf
                0x000071b4                __aeabi_i2d
                0x000071d8                __extendsfdf2
                0x000071d8                __aeabi_f2d
                0x00007214                __aeabi_ul2d
                0x00007214                __floatundidf
                0x00007224                __floatdidf
                0x00007224                __aeabi_l2d
 .text          0x00007280      0x424 /home/krupkad/gcc-arm-none-eabi-4_8-2014q3/bin/../lib/gcc/arm-none-eabi/4.8.4/armv7-m/libgcc.a(_arm_muldivdf3.o)
                0x00007280                __aeabi_dmul
                0x00007280                __muldf3
                0x000074d4                __aeabi_ddiv
                0x000074d4                __divdf3
 .text          0x000076a4      0x110 /home/krupkad/gcc-arm-none-eabi-4_8-2014q3/bin/../lib/gcc/arm-none-eabi/4.8.4/armv7-m/libgcc.a(_arm_cmpdf2.o)
                0x000076a4                __gtdf2
                0x000076a4                __gedf2
                0x000076ac                __ltdf2
                0x000076ac                __ledf2
                0x000076b4                __cmpdf2
                0x000076b4                __eqdf2
                0x000076b4                __nedf2
                0x00007730                __aeabi_cdrcmple
                0x00007740                __aeabi_cdcmple
                0x00007740                __aeabi_cdcmpeq
                0x00007750                __aeabi_dcmpeq
                0x00007764                __aeabi_dcmplt
                0x00007778                __aeabi_dcmple
                0x0000778c                __aeabi_dcmpge
                0x000077a0                __aeabi_dcmpgt
 .text          0x000077b4       0x50 /home/krupkad/gcc-arm-none-eabi-4_8-2014q3/bin/../lib/gcc/arm-none-eabi/4.8.4/armv7-m/libgcc.a(_arm_fixdfsi.o)
                0x000077b4                __fixdfsi
                0x000077b4                __aeabi_d2iz
 .text          0x00007804       0x40 /home/krupkad/gcc-arm-none-eabi-4_8-2014q3/bin/../lib/gcc/arm-none-eabi/4.8.4/armv7-m/libgcc.a(_arm_fixunsdfsi.o)
                0x00007804                __fixunsdfsi
                0x00007804                __aeabi_d2uiz
 .text          0x00007844       0xa0 /home/krupkad/gcc-arm-none-eabi-4_8-2014q3/bin/../lib/gcc/arm-none-eabi/4.8.4/armv7-m/libgcc.a(_arm_truncdfsf2.o)
                0x00007844                __aeabi_d2f
                0x00007844                __truncdfsf2
 *(.init)
 .init          0x000078e4        0x4 /home/krupkad/gcc-arm-none-eabi-4_8-2014q3/bin/../lib/gcc/arm-none-eabi/4.8.4/armv7-m/crti.o
                0x000078e4                _init
 .init          0x000078e8        0x8 /home/krupkad/gcc-arm-none-eabi-4_8-2014q3/bin/../lib/gcc/arm-none-eabi/4.8.4/armv7-m/crtn.o
 *(.fini)
 .fini          0x000078f0        0x4 /home/krupkad/gcc-arm-none-eabi-4_8-2014q3/bin/../lib/gcc/arm-none-eabi/4.8.4/armv7-m/crti.o
                0x000078f0                _fini
 .fini          0x000078f4        0x8 /home/krupkad/gcc-arm-none-eabi-4_8-2014q3/bin/../lib/gcc/arm-none-eabi/4.8.4/armv7-m/crtn.o
 *crtbegin.o(.ctors)
 *crtbegin?.o(.ctors)
 *(EXCLUDE_FILE(*crtend.o *crtend?.o) .ctors)
 *(SORT(.ctors.*))
 *(.ctors)
 *crtbegin.o(.dtors)
 *crtbegin?.o(.dtors)
 *(EXCLUDE_FILE(*crtend.o *crtend?.o) .dtors)
 *(SORT(.dtors.*))
 *(.dtors)
 *(.rodata*)
 *fill*         0x000078fc        0x4 
 .rodata._ZTVN4mbed10SerialBaseE
                0x00007900       0x10 main.o
                0x00007900                vtable for mbed::SerialBase
 .rodata.str1.1
                0x00007910        0xa main.o
 *fill*         0x0000791a        0x2 
 .rodata.str1.4
                0x0000791c       0x80 mbed/TARGET_LPC1768/TOOLCHAIN_GCC_ARM/board.o
 .rodata.__stdin_name
                0x0000799c        0x8 mbed/TARGET_LPC1768/TOOLCHAIN_GCC_ARM/retarget.o
                0x0000799c                __stdin_name
 .rodata.__stderr_name
                0x000079a4        0x8 mbed/TARGET_LPC1768/TOOLCHAIN_GCC_ARM/retarget.o
                0x000079a4                __stderr_name
 .rodata.__stdout_name
                0x000079ac        0x8 mbed/TARGET_LPC1768/TOOLCHAIN_GCC_ARM/retarget.o
                0x000079ac                __stdout_name
 *fill*         0x000079b4        0x4 
 .rodata._ZTVN4mbed10FileHandleE
                0x000079b8       0x30 mbed/TARGET_LPC1768/TOOLCHAIN_GCC_ARM/retarget.o
                0x000079b8                vtable for mbed::FileHandle
 .rodata.str1.4
                0x000079e8        0xe mbed/TARGET_LPC1768/TOOLCHAIN_GCC_ARM/retarget.o
                                 0x10 (size before relaxing)
 *fill*         0x000079f6        0x2 
 .rodata.str1.4
                0x000079f8       0x2d ./mbed/TARGET_LPC1768/TOOLCHAIN_GCC_ARM/libmbed.a(gpio_irq_api.o)
                                 0x30 (size before relaxing)
 *fill*         0x00007a25        0x3 
 .rodata.PinMap_UART_RTS
                0x00007a28       0x24 ./mbed/TARGET_LPC1768/TOOLCHAIN_GCC_ARM/libmbed.a(serial_api.o)
 .rodata.CSWTCH.24
                0x00007a4c       0x10 ./mbed/TARGET_LPC1768/TOOLCHAIN_GCC_ARM/libmbed.a(serial_api.o)
 .rodata.PinMap_UART_RX
                0x00007a5c       0x6c ./mbed/TARGET_LPC1768/TOOLCHAIN_GCC_ARM/libmbed.a(serial_api.o)
 .rodata.str1.4
                0x00007ac8      0x1d0 ./mbed/TARGET_LPC1768/TOOLCHAIN_GCC_ARM/libmbed.a(serial_api.o)
                                0x1e8 (size before relaxing)
 .rodata.PinMap_UART_TX
                0x00007c98       0x6c ./mbed/TARGET_LPC1768/TOOLCHAIN_GCC_ARM/libmbed.a(serial_api.o)
 .rodata.PinMap_UART_CTS
                0x00007d04       0x24 ./mbed/TARGET_LPC1768/TOOLCHAIN_GCC_ARM/libmbed.a(serial_api.o)
 .rodata._ZTVN4mbed11InterruptInE
                0x00007d28       0x10 ./mbed/TARGET_LPC1768/TOOLCHAIN_GCC_ARM/libmbed.a(InterruptIn.o)
                0x00007d28                vtable for mbed::InterruptIn
 .rodata._ZTVN4mbed6StreamE
                0x00007d38       0x48 ./mbed/TARGET_LPC1768/TOOLCHAIN_GCC_ARM/libmbed.a(Stream.o)
                0x00007d38                vtable for mbed::Stream
 .rodata.str1.4
                0x00007d80        0x3 ./mbed/TARGET_LPC1768/TOOLCHAIN_GCC_ARM/libmbed.a(Stream.o)
                                  0x8 (size before relaxing)
 *fill*         0x00007d83        0x5 
 .rodata._ZTVN4mbed6SerialE
                0x00007d88       0x60 ./mbed/TARGET_LPC1768/TOOLCHAIN_GCC_ARM/libmbed.a(Serial.o)
                0x00007d88                vtable for mbed::Serial
 .rodata.str1.4
                0x00007de8       0x31 ./mbed/TARGET_LPC1768/TOOLCHAIN_GCC_ARM/libmbed.a(assert.o)
                                 0x34 (size before relaxing)
 .rodata.str1.4
                0x00000000       0x80 ./mbed/TARGET_LPC1768/TOOLCHAIN_GCC_ARM/libmbed.a(gpio.o)
 *fill*         0x00007e19        0x3 
 .rodata.str1.4
                0x00007e1c       0x66 ./mbed/TARGET_LPC1768/TOOLCHAIN_GCC_ARM/libmbed.a(pinmap_common.o)
                                 0x68 (size before relaxing)
 *fill*         0x00007e82        0x2 
 .rodata.str1.4
                0x00007e84       0x7a ./mbed/TARGET_LPC1768/TOOLCHAIN_GCC_ARM/libmbed.a(gpio_api.o)
                                 0x94 (size before relaxing)
 *fill*         0x00007efe        0x2 
 .rodata.str1.4
                0x00007f00       0x64 ./mbed/TARGET_LPC1768/TOOLCHAIN_GCC_ARM/libmbed.a(pinmap.o)
                                 0x78 (size before relaxing)
 *fill*         0x00007f64        0x4 
 .rodata._ZTVN4mbed8FileBaseE
                0x00007f68       0x10 ./mbed/TARGET_LPC1768/TOOLCHAIN_GCC_ARM/libmbed.a(FileBase.o)
                0x00007f68                vtable for mbed::FileBase
 .rodata._ZTVN4mbed8FileLikeE
                0x00007f78       0x40 ./mbed/TARGET_LPC1768/TOOLCHAIN_GCC_ARM/libmbed.a(FileLike.o)
                0x00007f78                vtable for mbed::FileLike
 .rodata.__sf_fake_stdin
                0x00007fb8       0x20 /home/krupkad/gcc-arm-none-eabi-4_8-2014q3/bin/../lib/gcc/arm-none-eabi/4.8.4/../../../../arm-none-eabi/lib/armv7-m/libc_s.a(lib_a-findfp.o)
                0x00007fb8                __sf_fake_stdin
 .rodata.__sf_fake_stdout
                0x00007fd8       0x20 /home/krupkad/gcc-arm-none-eabi-4_8-2014q3/bin/../lib/gcc/arm-none-eabi/4.8.4/../../../../arm-none-eabi/lib/armv7-m/libc_s.a(lib_a-findfp.o)
                0x00007fd8                __sf_fake_stdout
 .rodata.__sf_fake_stderr
                0x00007ff8       0x20 /home/krupkad/gcc-arm-none-eabi-4_8-2014q3/bin/../lib/gcc/arm-none-eabi/4.8.4/../../../../arm-none-eabi/lib/armv7-m/libc_s.a(lib_a-findfp.o)
                0x00007ff8                __sf_fake_stderr
 .rodata.str1.1
                0x00008018        0x2 /home/krupkad/gcc-arm-none-eabi-4_8-2014q3/bin/../lib/gcc/arm-none-eabi/4.8.4/../../../../arm-none-eabi/lib/armv7-m/libc_s.a(lib_a-impure.o)
 *fill*         0x0000801a        0x2 
 .rodata._global_impure_ptr
                0x0000801c        0x4 /home/krupkad/gcc-arm-none-eabi-4_8-2014q3/bin/../lib/gcc/arm-none-eabi/4.8.4/../../../../arm-none-eabi/lib/armv7-m/libc_s.a(lib_a-impure.o)
                0x0000801c                _global_impure_ptr
 .rodata.str1.1
                0x00008020       0x11 /home/krupkad/gcc-arm-none-eabi-4_8-2014q3/bin/../lib/gcc/arm-none-eabi/4.8.4/../../../../arm-none-eabi/lib/armv7-m/libc_s.a(lib_a-svfprintf.o)
 .rodata.str1.1
                0x00000000        0x4 /home/krupkad/gcc-arm-none-eabi-4_8-2014q3/bin/../lib/gcc/arm-none-eabi/4.8.4/../../../../arm-none-eabi/lib/armv7-m/libc_s.a(lib_a-svfscanf.o)
 .rodata.str1.1
                0x00000000       0x11 /home/krupkad/gcc-arm-none-eabi-4_8-2014q3/bin/../lib/gcc/arm-none-eabi/4.8.4/../../../../arm-none-eabi/lib/armv7-m/libc_s.a(lib_a-vfprintf.o)
 .rodata.str1.1
                0x00008031       0x10 /home/krupkad/gcc-arm-none-eabi-4_8-2014q3/bin/../lib/gcc/arm-none-eabi/4.8.4/../../../../arm-none-eabi/lib/armv7-m/libc_s.a(lib_a-vfprintf_float.o)
                                 0x12 (size before relaxing)
 .rodata.str1.1
                0x00008041       0x22 /home/krupkad/gcc-arm-none-eabi-4_8-2014q3/bin/../lib/gcc/arm-none-eabi/4.8.4/../../../../arm-none-eabi/lib/armv7-m/libc_s.a(lib_a-vfprintf_i.o)
 .rodata.str1.1
                0x00008063        0x5 /home/krupkad/gcc-arm-none-eabi-4_8-2014q3/bin/../lib/gcc/arm-none-eabi/4.8.4/../../../../arm-none-eabi/lib/armv7-m/libc_s.a(lib_a-vfscanf_float.o)
 .rodata        0x00008068        0xc /home/krupkad/gcc-arm-none-eabi-4_8-2014q3/bin/../lib/gcc/arm-none-eabi/4.8.4/../../../../arm-none-eabi/lib/armv7-m/libc_s.a(lib_a-vfscanf_i.o)
 .rodata.str1.1
                0x00008074       0x1b /home/krupkad/gcc-arm-none-eabi-4_8-2014q3/bin/../lib/gcc/arm-none-eabi/4.8.4/../../../../arm-none-eabi/lib/armv7-m/libc_s.a(lib_a-vfscanf_i.o)
 .rodata._ctype_
                0x0000808f      0x101 /home/krupkad/gcc-arm-none-eabi-4_8-2014q3/bin/../lib/gcc/arm-none-eabi/4.8.4/../../../../arm-none-eabi/lib/armv7-m/libc_s.a(lib_a-ctype_.o)
                0x0000808f                _ctype_
 .rodata.str1.1
                0x00008190        0xd /home/krupkad/gcc-arm-none-eabi-4_8-2014q3/bin/../lib/gcc/arm-none-eabi/4.8.4/../../../../arm-none-eabi/lib/armv7-m/libc_s.a(lib_a-dtoa.o)
                                  0xf (size before relaxing)
 .rodata.str1.1
                0x0000819d        0x8 /home/krupkad/gcc-arm-none-eabi-4_8-2014q3/bin/../lib/gcc/arm-none-eabi/4.8.4/../../../../arm-none-eabi/lib/armv7-m/libc_s.a(lib_a-locale.o)
                                  0xb (size before relaxing)
 *fill*         0x000081a5        0x3 
 .rodata.__mprec_tens
                0x000081a8       0xc8 /home/krupkad/gcc-arm-none-eabi-4_8-2014q3/bin/../lib/gcc/arm-none-eabi/4.8.4/../../../../arm-none-eabi/lib/armv7-m/libc_s.a(lib_a-mprec.o)
                0x000081a8                __mprec_tens
 .rodata.__mprec_bigtens
                0x00008270       0x28 /home/krupkad/gcc-arm-none-eabi-4_8-2014q3/bin/../lib/gcc/arm-none-eabi/4.8.4/../../../../arm-none-eabi/lib/armv7-m/libc_s.a(lib_a-mprec.o)
                0x00008270                __mprec_bigtens
 .rodata.p05.5281
                0x00008298        0xc /home/krupkad/gcc-arm-none-eabi-4_8-2014q3/bin/../lib/gcc/arm-none-eabi/4.8.4/../../../../arm-none-eabi/lib/armv7-m/libc_s.a(lib_a-mprec.o)
 *fill*         0x000082a4        0x4 
 .rodata.tinytens
                0x000082a8       0x28 /home/krupkad/gcc-arm-none-eabi-4_8-2014q3/bin/../lib/gcc/arm-none-eabi/4.8.4/../../../../arm-none-eabi/lib/armv7-m/libc_s.a(lib_a-strtod.o)
 .rodata.fpi.5246
                0x000082d0       0x14 /home/krupkad/gcc-arm-none-eabi-4_8-2014q3/bin/../lib/gcc/arm-none-eabi/4.8.4/../../../../arm-none-eabi/lib/armv7-m/libc_s.a(lib_a-strtod.o)
 .rodata.str1.1
                0x00000000        0x8 /home/krupkad/gcc-arm-none-eabi-4_8-2014q3/bin/../lib/gcc/arm-none-eabi/4.8.4/../../../../arm-none-eabi/lib/armv7-m/libc_s.a(lib_a-strtod.o)
                                  0xc (size before relaxing)
 .rodata.fpinan.5282
                0x000082e4       0x14 /home/krupkad/gcc-arm-none-eabi-4_8-2014q3/bin/../lib/gcc/arm-none-eabi/4.8.4/../../../../arm-none-eabi/lib/armv7-m/libc_s.a(lib_a-strtod.o)
 *(.eh_frame*)
 .eh_frame      0x000082f8        0x0 /home/krupkad/gcc-arm-none-eabi-4_8-2014q3/bin/../lib/gcc/arm-none-eabi/4.8.4/armv7-m/crtbegin.o
 .eh_frame      0x000082f8        0x4 /home/krupkad/gcc-arm-none-eabi-4_8-2014q3/bin/../lib/gcc/arm-none-eabi/4.8.4/armv7-m/crtend.o

.glue_7         0x000082fc        0x0
 .glue_7        0x00000000        0x0 linker stubs

.glue_7t        0x000082fc        0x0
 .glue_7t       0x00000000        0x0 linker stubs

.vfp11_veneer   0x000082fc        0x0
 .vfp11_veneer  0x00000000        0x0 linker stubs

.v4_bx          0x000082fc        0x0
 .v4_bx         0x00000000        0x0 linker stubs

.iplt           0x000082fc        0x0
 .iplt          0x00000000        0x0 /home/krupkad/gcc-arm-none-eabi-4_8-2014q3/bin/../lib/gcc/arm-none-eabi/4.8.4/armv7-m/crtbegin.o

.ARM.extab
 *(.ARM.extab* .gnu.linkonce.armextab.*)
                0x000082fc                __exidx_start = .

.ARM.exidx      0x000082fc        0x8
 *(.ARM.exidx* .gnu.linkonce.armexidx.*)
 .ARM.exidx     0x000082fc        0x8 /home/krupkad/gcc-arm-none-eabi-4_8-2014q3/bin/../lib/gcc/arm-none-eabi/4.8.4/../../../../arm-none-eabi/lib/armv7-m/crt0.o
                0x00008304                __exidx_end = .
                0x00008304                __etext = .

.rel.dyn        0x00008304        0x0
 .rel.iplt      0x00000000        0x0 /home/krupkad/gcc-arm-none-eabi-4_8-2014q3/bin/../lib/gcc/arm-none-eabi/4.8.4/armv7-m/crtbegin.o

.data           0x100000c8       0xb8 load address 0x00008304
                0x100000c8                __data_start__ = .
                0x100000c8                Image$$RW_IRAM1$$Base = .
 *(vtable)
 *(.data*)
 .data          0x100000c8        0x4 /home/krupkad/gcc-arm-none-eabi-4_8-2014q3/bin/../lib/gcc/arm-none-eabi/4.8.4/armv7-m/crtbegin.o
                0x100000c8                __dso_handle
 .data.SystemCoreClock
                0x100000cc        0x4 mbed/TARGET_LPC1768/TOOLCHAIN_GCC_ARM/system_LPC17xx.o
                0x100000cc                SystemCoreClock
 .data._ZZ5_sbrkE4heap
                0x100000d0        0x4 mbed/TARGET_LPC1768/TOOLCHAIN_GCC_ARM/retarget.o
 .data.impure_data
                0x100000d4       0x60 /home/krupkad/gcc-arm-none-eabi-4_8-2014q3/bin/../lib/gcc/arm-none-eabi/4.8.4/../../../../arm-none-eabi/lib/armv7-m/libc_s.a(lib_a-impure.o)
 .data._impure_ptr
                0x10000134        0x4 /home/krupkad/gcc-arm-none-eabi-4_8-2014q3/bin/../lib/gcc/arm-none-eabi/4.8.4/../../../../arm-none-eabi/lib/armv7-m/libc_s.a(lib_a-impure.o)
                0x10000134                _impure_ptr
 .data.__ctype_ptr__
                0x10000138        0x4 /home/krupkad/gcc-arm-none-eabi-4_8-2014q3/bin/../lib/gcc/arm-none-eabi/4.8.4/../../../../arm-none-eabi/lib/armv7-m/libc_s.a(lib_a-ctype_.o)
                0x10000138                __ctype_ptr__
 .data.lconv    0x1000013c       0x38 /home/krupkad/gcc-arm-none-eabi-4_8-2014q3/bin/../lib/gcc/arm-none-eabi/4.8.4/../../../../arm-none-eabi/lib/armv7-m/libc_s.a(lib_a-locale.o)
                0x10000174                . = ALIGN (0x4)
                0x10000174                PROVIDE (__preinit_array_start, .)
 *(.preinit_array)
                0x10000174                PROVIDE (__preinit_array_end, .)
                0x10000174                . = ALIGN (0x4)
                0x10000174                PROVIDE (__init_array_start, .)
 *(SORT(.init_array.*))
 *(.init_array)
 .init_array    0x10000174        0x4 /home/krupkad/gcc-arm-none-eabi-4_8-2014q3/bin/../lib/gcc/arm-none-eabi/4.8.4/armv7-m/crtbegin.o
 .init_array    0x10000178        0x4 main.o
                0x1000017c                PROVIDE (__init_array_end, .)
                0x1000017c                . = ALIGN (0x4)
                0x1000017c                PROVIDE (__fini_array_start, .)
 *(SORT(.fini_array.*))
 *(.fini_array)
 .fini_array    0x1000017c        0x4 /home/krupkad/gcc-arm-none-eabi-4_8-2014q3/bin/../lib/gcc/arm-none-eabi/4.8.4/armv7-m/crtbegin.o
                0x10000180                PROVIDE (__fini_array_end, .)
                0x10000180                . = ALIGN (0x4)
                0x10000180                __data_end__ = .

.jcr            0x10000180        0x0 load address 0x000083bc
 .jcr           0x10000180        0x0 /home/krupkad/gcc-arm-none-eabi-4_8-2014q3/bin/../lib/gcc/arm-none-eabi/4.8.4/armv7-m/crtbegin.o

.igot.plt       0x10000180        0x0 load address 0x000083bc
 .igot.plt      0x00000000        0x0 /home/krupkad/gcc-arm-none-eabi-4_8-2014q3/bin/../lib/gcc/arm-none-eabi/4.8.4/armv7-m/crtbegin.o

.bss            0x10000180      0x34c load address 0x000083bc
                0x10000180                __bss_start__ = .
 *(.bss*)
 .bss           0x10000180       0x1c /home/krupkad/gcc-arm-none-eabi-4_8-2014q3/bin/../lib/gcc/arm-none-eabi/4.8.4/armv7-m/crtbegin.o
 .bss.pc        0x1000019c       0x60 main.o
                0x1000019c                pc
 .bss._ZL11filehandles
                0x100001fc      0x100 mbed/TARGET_LPC1768/TOOLCHAIN_GCC_ARM/retarget.o
 .bss.irq_handler
                0x100002fc        0x4 ./mbed/TARGET_LPC1768/TOOLCHAIN_GCC_ARM/libmbed.a(gpio_irq_api.o)
 .bss.channel_ids
                0x10000300       0xc0 ./mbed/TARGET_LPC1768/TOOLCHAIN_GCC_ARM/libmbed.a(gpio_irq_api.o)
 .bss.stdio_uart_inited
                0x100003c0        0x4 ./mbed/TARGET_LPC1768/TOOLCHAIN_GCC_ARM/libmbed.a(serial_api.o)
                0x100003c0                stdio_uart_inited
 .bss.irq_handler
                0x100003c4        0x4 ./mbed/TARGET_LPC1768/TOOLCHAIN_GCC_ARM/libmbed.a(serial_api.o)
 .bss.uart_data
                0x100003c8       0xe0 ./mbed/TARGET_LPC1768/TOOLCHAIN_GCC_ARM/libmbed.a(serial_api.o)
 .bss.head      0x100004a8        0x4 ./mbed/TARGET_LPC1768/TOOLCHAIN_GCC_ARM/libmbed.a(us_ticker_api.o)
 .bss.event_handler
                0x100004ac        0x4 ./mbed/TARGET_LPC1768/TOOLCHAIN_GCC_ARM/libmbed.a(us_ticker_api.o)
 .bss.us_ticker_inited
                0x100004b0        0x4 ./mbed/TARGET_LPC1768/TOOLCHAIN_GCC_ARM/libmbed.a(us_ticker.o)
                0x100004b0                us_ticker_inited
 .bss._ZN4mbed8FileBase5_headE
                0x100004b4        0x4 ./mbed/TARGET_LPC1768/TOOLCHAIN_GCC_ARM/libmbed.a(FileBase.o)
                0x100004b4                mbed::FileBase::_head
 .bss.__malloc_sbrk_start
                0x100004b8        0x4 /home/krupkad/gcc-arm-none-eabi-4_8-2014q3/bin/../lib/gcc/arm-none-eabi/4.8.4/../../../../arm-none-eabi/lib/armv7-m/libc_s.a(lib_a-nano-mallocr.o)
                0x100004b8                __malloc_sbrk_start
 .bss.__malloc_free_list
                0x100004bc        0x4 /home/krupkad/gcc-arm-none-eabi-4_8-2014q3/bin/../lib/gcc/arm-none-eabi/4.8.4/../../../../arm-none-eabi/lib/armv7-m/libc_s.a(lib_a-nano-mallocr.o)
                0x100004bc                __malloc_free_list
 *(COMMON)
 COMMON         0x100004c0        0x8 ./mbed/TARGET_LPC1768/TOOLCHAIN_GCC_ARM/libmbed.a(serial_api.o)
                0x100004c0                stdio_uart
 COMMON         0x100004c8        0x4 /home/krupkad/gcc-arm-none-eabi-4_8-2014q3/bin/../lib/gcc/arm-none-eabi/4.8.4/../../../../arm-none-eabi/lib/armv7-m/libc_s.a(lib_a-reent.o)
                0x100004c8                errno
                0x100004cc                __bss_end__ = .
                0x100004cc                Image$$RW_IRAM1$$ZI$$Limit = .

.heap           0x100004d0      0x800
                0x100004d0                __end__ = .
                0x100004d0                end = __end__
 *(.heap*)
 .heap          0x100004d0      0x800 mbed/TARGET_LPC1768/TOOLCHAIN_GCC_ARM/startup_LPC17xx.o
                0x100004d0                __HeapBase
                0x10000cd0                __HeapLimit = .

.stack_dummy    0x100004d0      0xc00
 *(.stack)
 .stack         0x100004d0      0xc00 mbed/TARGET_LPC1768/TOOLCHAIN_GCC_ARM/startup_LPC17xx.o
                0x10008000                __StackTop = (ORIGIN (RAM) + 0x7f38)
                0x10007400                __StackLimit = (__StackTop - SIZEOF (.stack_dummy))
                0x10008000                PROVIDE (__stack, __StackTop)
                0x00000001                ASSERT ((__StackLimit >= __HeapLimit), region RAM overflowed with stack)

.AHBSRAM0       0x2007c000        0x0
                0x2007c000                Image$$RW_IRAM2$$Base = .
 *(AHBSRAM0)
                0x2007c000                Image$$RW_IRAM2$$ZI$$Limit = .

.AHBSRAM1       0x20080000        0x0
                0x20080000                Image$$RW_IRAM3$$Base = .
 *(AHBSRAM1)
                0x20080000                Image$$RW_IRAM3$$ZI$$Limit = .
OUTPUT(valve_test.elf elf32-littlearm)

.ARM.attributes
                0x00000000       0x29
 .ARM.attributes
                0x00000000       0x1d /home/krupkad/gcc-arm-none-eabi-4_8-2014q3/bin/../lib/gcc/arm-none-eabi/4.8.4/armv7-m/crti.o
 .ARM.attributes
                0x0000001d       0x2d /home/krupkad/gcc-arm-none-eabi-4_8-2014q3/bin/../lib/gcc/arm-none-eabi/4.8.4/armv7-m/crtbegin.o
 .ARM.attributes
                0x0000004a       0x1b /home/krupkad/gcc-arm-none-eabi-4_8-2014q3/bin/../lib/gcc/arm-none-eabi/4.8.4/../../../../arm-none-eabi/lib/armv7-m/crt0.o
 .ARM.attributes
                0x00000065       0x33 main.o
 .ARM.attributes
                0x00000098       0x33 hcsr04.o
 .ARM.attributes
                0x000000cb       0x33 mbed/TARGET_LPC1768/TOOLCHAIN_GCC_ARM/cmsis_nvic.o
 .ARM.attributes
                0x000000fe       0x33 mbed/TARGET_LPC1768/TOOLCHAIN_GCC_ARM/system_LPC17xx.o
 .ARM.attributes
                0x00000131       0x33 mbed/TARGET_LPC1768/TOOLCHAIN_GCC_ARM/board.o
 .ARM.attributes
                0x00000164       0x33 mbed/TARGET_LPC1768/TOOLCHAIN_GCC_ARM/retarget.o
 .ARM.attributes
                0x00000197       0x1b mbed/TARGET_LPC1768/TOOLCHAIN_GCC_ARM/startup_LPC17xx.o
 .ARM.attributes
                0x000001b2       0x33 ./mbed/TARGET_LPC1768/TOOLCHAIN_GCC_ARM/libmbed.a(gpio_irq_api.o)
 .ARM.attributes
                0x000001e5       0x33 ./mbed/TARGET_LPC1768/TOOLCHAIN_GCC_ARM/libmbed.a(serial_api.o)
 .ARM.attributes
                0x00000218       0x33 ./mbed/TARGET_LPC1768/TOOLCHAIN_GCC_ARM/libmbed.a(FilePath.o)
 .ARM.attributes
                0x0000024b       0x33 ./mbed/TARGET_LPC1768/TOOLCHAIN_GCC_ARM/libmbed.a(InterruptIn.o)
 .ARM.attributes
                0x0000027e       0x33 ./mbed/TARGET_LPC1768/TOOLCHAIN_GCC_ARM/libmbed.a(Stream.o)
 .ARM.attributes
                0x000002b1       0x33 ./mbed/TARGET_LPC1768/TOOLCHAIN_GCC_ARM/libmbed.a(Serial.o)
 .ARM.attributes
                0x000002e4       0x33 ./mbed/TARGET_LPC1768/TOOLCHAIN_GCC_ARM/libmbed.a(Timer.o)
 .ARM.attributes
                0x00000317       0x33 ./mbed/TARGET_LPC1768/TOOLCHAIN_GCC_ARM/libmbed.a(assert.o)
 .ARM.attributes
                0x0000034a       0x33 ./mbed/TARGET_LPC1768/TOOLCHAIN_GCC_ARM/libmbed.a(error.o)
 .ARM.attributes
                0x0000037d       0x33 ./mbed/TARGET_LPC1768/TOOLCHAIN_GCC_ARM/libmbed.a(mbed_interface.o)
 .ARM.attributes
                0x000003b0       0x33 ./mbed/TARGET_LPC1768/TOOLCHAIN_GCC_ARM/libmbed.a(gpio.o)
 .ARM.attributes
                0x000003e3       0x33 ./mbed/TARGET_LPC1768/TOOLCHAIN_GCC_ARM/libmbed.a(pinmap_common.o)
 .ARM.attributes
                0x00000416       0x33 ./mbed/TARGET_LPC1768/TOOLCHAIN_GCC_ARM/libmbed.a(semihost_api.o)
 .ARM.attributes
                0x00000449       0x33 ./mbed/TARGET_LPC1768/TOOLCHAIN_GCC_ARM/libmbed.a(us_ticker_api.o)
 .ARM.attributes
                0x0000047c       0x33 ./mbed/TARGET_LPC1768/TOOLCHAIN_GCC_ARM/libmbed.a(wait_api.o)
 .ARM.attributes
                0x000004af       0x33 ./mbed/TARGET_LPC1768/TOOLCHAIN_GCC_ARM/libmbed.a(gpio_api.o)
 .ARM.attributes
                0x000004e2       0x33 ./mbed/TARGET_LPC1768/TOOLCHAIN_GCC_ARM/libmbed.a(pinmap.o)
 .ARM.attributes
                0x00000515       0x33 ./mbed/TARGET_LPC1768/TOOLCHAIN_GCC_ARM/libmbed.a(us_ticker.o)
 .ARM.attributes
                0x00000548       0x33 ./mbed/TARGET_LPC1768/TOOLCHAIN_GCC_ARM/libmbed.a(FileBase.o)
 .ARM.attributes
                0x0000057b       0x33 ./mbed/TARGET_LPC1768/TOOLCHAIN_GCC_ARM/libmbed.a(FileLike.o)
 .ARM.attributes
                0x000005ae       0x33 ./mbed/TARGET_LPC1768/TOOLCHAIN_GCC_ARM/libmbed.a(FunctionPointer.o)
 .ARM.attributes
                0x000005e1       0x33 ./mbed/TARGET_LPC1768/TOOLCHAIN_GCC_ARM/libmbed.a(SerialBase.o)
 .ARM.attributes
                0x00000614       0x2d /home/krupkad/gcc-arm-none-eabi-4_8-2014q3/bin/../lib/gcc/arm-none-eabi/4.8.4/../../../../arm-none-eabi/lib/armv7-m/libstdc++_s.a(del_op.o)
 .ARM.attributes
                0x00000641       0x2d /home/krupkad/gcc-arm-none-eabi-4_8-2014q3/bin/../lib/gcc/arm-none-eabi/4.8.4/../../../../arm-none-eabi/lib/armv7-m/libstdc++_s.a(atexit_arm.o)
 .ARM.attributes
                0x0000066e       0x2d /home/krupkad/gcc-arm-none-eabi-4_8-2014q3/bin/../lib/gcc/arm-none-eabi/4.8.4/../../../../arm-none-eabi/lib/armv7-m/libc_s.a(lib_a-abs.o)
 .ARM.attributes
                0x0000069b       0x2d /home/krupkad/gcc-arm-none-eabi-4_8-2014q3/bin/../lib/gcc/arm-none-eabi/4.8.4/../../../../arm-none-eabi/lib/armv7-m/libc_s.a(lib_a-cxa_atexit.o)
 .ARM.attributes
                0x000006c8       0x2d /home/krupkad/gcc-arm-none-eabi-4_8-2014q3/bin/../lib/gcc/arm-none-eabi/4.8.4/../../../../arm-none-eabi/lib/armv7-m/libc_s.a(lib_a-errno.o)
 .ARM.attributes
                0x000006f5       0x2d /home/krupkad/gcc-arm-none-eabi-4_8-2014q3/bin/../lib/gcc/arm-none-eabi/4.8.4/../../../../arm-none-eabi/lib/armv7-m/libc_s.a(lib_a-exit.o)
 .ARM.attributes
                0x00000722       0x2d /home/krupkad/gcc-arm-none-eabi-4_8-2014q3/bin/../lib/gcc/arm-none-eabi/4.8.4/../../../../arm-none-eabi/lib/armv7-m/libc_s.a(lib_a-fclose.o)
 .ARM.attributes
                0x0000074f       0x2d /home/krupkad/gcc-arm-none-eabi-4_8-2014q3/bin/../lib/gcc/arm-none-eabi/4.8.4/../../../../arm-none-eabi/lib/armv7-m/libc_s.a(lib_a-fflush.o)
 .ARM.attributes
                0x0000077c       0x2d /home/krupkad/gcc-arm-none-eabi-4_8-2014q3/bin/../lib/gcc/arm-none-eabi/4.8.4/../../../../arm-none-eabi/lib/armv7-m/libc_s.a(lib_a-findfp.o)
 .ARM.attributes
                0x000007a9       0x2d /home/krupkad/gcc-arm-none-eabi-4_8-2014q3/bin/../lib/gcc/arm-none-eabi/4.8.4/../../../../arm-none-eabi/lib/armv7-m/libc_s.a(lib_a-fopen.o)
 .ARM.attributes
                0x000007d6       0x2d /home/krupkad/gcc-arm-none-eabi-4_8-2014q3/bin/../lib/gcc/arm-none-eabi/4.8.4/../../../../arm-none-eabi/lib/armv7-m/libc_s.a(lib_a-fprintf.o)
 .ARM.attributes
                0x00000803       0x2d /home/krupkad/gcc-arm-none-eabi-4_8-2014q3/bin/../lib/gcc/arm-none-eabi/4.8.4/../../../../arm-none-eabi/lib/armv7-m/libc_s.a(lib_a-fseek.o)
 .ARM.attributes
                0x00000830       0x2d /home/krupkad/gcc-arm-none-eabi-4_8-2014q3/bin/../lib/gcc/arm-none-eabi/4.8.4/../../../../arm-none-eabi/lib/armv7-m/libc_s.a(lib_a-fseeko.o)
 .ARM.attributes
                0x0000085d       0x2d /home/krupkad/gcc-arm-none-eabi-4_8-2014q3/bin/../lib/gcc/arm-none-eabi/4.8.4/../../../../arm-none-eabi/lib/armv7-m/libc_s.a(lib_a-fwalk.o)
 .ARM.attributes
                0x0000088a       0x2d /home/krupkad/gcc-arm-none-eabi-4_8-2014q3/bin/../lib/gcc/arm-none-eabi/4.8.4/../../../../arm-none-eabi/lib/armv7-m/libc_s.a(lib_a-impure.o)
 .ARM.attributes
                0x000008b7       0x2d /home/krupkad/gcc-arm-none-eabi-4_8-2014q3/bin/../lib/gcc/arm-none-eabi/4.8.4/../../../../arm-none-eabi/lib/armv7-m/libc_s.a(lib_a-init.o)
 .ARM.attributes
                0x000008e4       0x2d /home/krupkad/gcc-arm-none-eabi-4_8-2014q3/bin/../lib/gcc/arm-none-eabi/4.8.4/../../../../arm-none-eabi/lib/armv7-m/libc_s.a(lib_a-makebuf.o)
 .ARM.attributes
                0x00000911       0x2d /home/krupkad/gcc-arm-none-eabi-4_8-2014q3/bin/../lib/gcc/arm-none-eabi/4.8.4/../../../../arm-none-eabi/lib/armv7-m/libc_s.a(lib_a-malloc.o)
 .ARM.attributes
                0x0000093e       0x2d /home/krupkad/gcc-arm-none-eabi-4_8-2014q3/bin/../lib/gcc/arm-none-eabi/4.8.4/../../../../arm-none-eabi/lib/armv7-m/libc_s.a(lib_a-memchr-stub.o)
 .ARM.attributes
                0x0000096b       0x2d /home/krupkad/gcc-arm-none-eabi-4_8-2014q3/bin/../lib/gcc/arm-none-eabi/4.8.4/../../../../arm-none-eabi/lib/armv7-m/libc_s.a(lib_a-memcpy-stub.o)
 .ARM.attributes
                0x00000998       0x2d /home/krupkad/gcc-arm-none-eabi-4_8-2014q3/bin/../lib/gcc/arm-none-eabi/4.8.4/../../../../arm-none-eabi/lib/armv7-m/libc_s.a(lib_a-memset.o)
 .ARM.attributes
                0x000009c5       0x2d /home/krupkad/gcc-arm-none-eabi-4_8-2014q3/bin/../lib/gcc/arm-none-eabi/4.8.4/../../../../arm-none-eabi/lib/armv7-m/libc_s.a(lib_a-nano-freer.o)
 .ARM.attributes
                0x000009f2       0x2d /home/krupkad/gcc-arm-none-eabi-4_8-2014q3/bin/../lib/gcc/arm-none-eabi/4.8.4/../../../../arm-none-eabi/lib/armv7-m/libc_s.a(lib_a-nano-mallocr.o)
 .ARM.attributes
                0x00000a1f       0x2d /home/krupkad/gcc-arm-none-eabi-4_8-2014q3/bin/../lib/gcc/arm-none-eabi/4.8.4/../../../../arm-none-eabi/lib/armv7-m/libc_s.a(lib_a-openr.o)
 .ARM.attributes
                0x00000a4c       0x2d /home/krupkad/gcc-arm-none-eabi-4_8-2014q3/bin/../lib/gcc/arm-none-eabi/4.8.4/../../../../arm-none-eabi/lib/armv7-m/libc_s.a(lib_a-printf.o)
 .ARM.attributes
                0x00000a79       0x2d /home/krupkad/gcc-arm-none-eabi-4_8-2014q3/bin/../lib/gcc/arm-none-eabi/4.8.4/../../../../arm-none-eabi/lib/armv7-m/libc_s.a(lib_a-reent.o)
 .ARM.attributes
                0x00000aa6       0x2d /home/krupkad/gcc-arm-none-eabi-4_8-2014q3/bin/../lib/gcc/arm-none-eabi/4.8.4/../../../../arm-none-eabi/lib/armv7-m/libc_s.a(lib_a-sbrkr.o)
 .ARM.attributes
                0x00000ad3       0x2d /home/krupkad/gcc-arm-none-eabi-4_8-2014q3/bin/../lib/gcc/arm-none-eabi/4.8.4/../../../../arm-none-eabi/lib/armv7-m/libc_s.a(lib_a-setbuf.o)
 .ARM.attributes
                0x00000b00       0x2d /home/krupkad/gcc-arm-none-eabi-4_8-2014q3/bin/../lib/gcc/arm-none-eabi/4.8.4/../../../../arm-none-eabi/lib/armv7-m/libc_s.a(lib_a-setvbuf.o)
 .ARM.attributes
                0x00000b2d       0x2d /home/krupkad/gcc-arm-none-eabi-4_8-2014q3/bin/../lib/gcc/arm-none-eabi/4.8.4/../../../../arm-none-eabi/lib/armv7-m/libc_s.a(lib_a-sprintf.o)
 .ARM.attributes
                0x00000b5a       0x2d /home/krupkad/gcc-arm-none-eabi-4_8-2014q3/bin/../lib/gcc/arm-none-eabi/4.8.4/../../../../arm-none-eabi/lib/armv7-m/libc_s.a(lib_a-sscanf.o)
 .ARM.attributes
                0x00000b87       0x2d /home/krupkad/gcc-arm-none-eabi-4_8-2014q3/bin/../lib/gcc/arm-none-eabi/4.8.4/../../../../arm-none-eabi/lib/armv7-m/libc_s.a(lib_a-stdio.o)
 .ARM.attributes
                0x00000bb4       0x1b /home/krupkad/gcc-arm-none-eabi-4_8-2014q3/bin/../lib/gcc/arm-none-eabi/4.8.4/../../../../arm-none-eabi/lib/armv7-m/libc_s.a(lib_a-strcmp.o)
 .ARM.attributes
                0x00000bcf       0x2d /home/krupkad/gcc-arm-none-eabi-4_8-2014q3/bin/../lib/gcc/arm-none-eabi/4.8.4/../../../../arm-none-eabi/lib/armv7-m/libc_s.a(lib_a-strlen.o)
 .ARM.attributes
                0x00000bfc       0x2d /home/krupkad/gcc-arm-none-eabi-4_8-2014q3/bin/../lib/gcc/arm-none-eabi/4.8.4/../../../../arm-none-eabi/lib/armv7-m/libc_s.a(lib_a-strncmp.o)
 .ARM.attributes
                0x00000c29       0x2d /home/krupkad/gcc-arm-none-eabi-4_8-2014q3/bin/../lib/gcc/arm-none-eabi/4.8.4/../../../../arm-none-eabi/lib/armv7-m/libc_s.a(lib_a-svfprintf.o)
 .ARM.attributes
                0x00000c56       0x2d /home/krupkad/gcc-arm-none-eabi-4_8-2014q3/bin/../lib/gcc/arm-none-eabi/4.8.4/../../../../arm-none-eabi/lib/armv7-m/libc_s.a(lib_a-svfscanf.o)
 .ARM.attributes
                0x00000c83       0x2d /home/krupkad/gcc-arm-none-eabi-4_8-2014q3/bin/../lib/gcc/arm-none-eabi/4.8.4/../../../../arm-none-eabi/lib/armv7-m/libc_s.a(lib_a-ungetc.o)
 .ARM.attributes
                0x00000cb0       0x2d /home/krupkad/gcc-arm-none-eabi-4_8-2014q3/bin/../lib/gcc/arm-none-eabi/4.8.4/../../../../arm-none-eabi/lib/armv7-m/libc_s.a(lib_a-vfprintf.o)
 .ARM.attributes
                0x00000cdd       0x2d /home/krupkad/gcc-arm-none-eabi-4_8-2014q3/bin/../lib/gcc/arm-none-eabi/4.8.4/../../../../arm-none-eabi/lib/armv7-m/libc_s.a(lib_a-vfprintf_float.o)
 .ARM.attributes
                0x00000d0a       0x2d /home/krupkad/gcc-arm-none-eabi-4_8-2014q3/bin/../lib/gcc/arm-none-eabi/4.8.4/../../../../arm-none-eabi/lib/armv7-m/libc_s.a(lib_a-vfprintf_i.o)
 .ARM.attributes
                0x00000d37       0x2d /home/krupkad/gcc-arm-none-eabi-4_8-2014q3/bin/../lib/gcc/arm-none-eabi/4.8.4/../../../../arm-none-eabi/lib/armv7-m/libc_s.a(lib_a-vfscanf_float.o)
 .ARM.attributes
                0x00000d64       0x2d /home/krupkad/gcc-arm-none-eabi-4_8-2014q3/bin/../lib/gcc/arm-none-eabi/4.8.4/../../../../arm-none-eabi/lib/armv7-m/libc_s.a(lib_a-vfscanf_i.o)
 .ARM.attributes
                0x00000d91       0x2d /home/krupkad/gcc-arm-none-eabi-4_8-2014q3/bin/../lib/gcc/arm-none-eabi/4.8.4/../../../../arm-none-eabi/lib/armv7-m/libc_s.a(lib_a-wbuf.o)
 .ARM.attributes
                0x00000dbe       0x2d /home/krupkad/gcc-arm-none-eabi-4_8-2014q3/bin/../lib/gcc/arm-none-eabi/4.8.4/../../../../arm-none-eabi/lib/armv7-m/libc_s.a(lib_a-writer.o)
 .ARM.attributes
                0x00000deb       0x2d /home/krupkad/gcc-arm-none-eabi-4_8-2014q3/bin/../lib/gcc/arm-none-eabi/4.8.4/../../../../arm-none-eabi/lib/armv7-m/libc_s.a(lib_a-wsetup.o)
 .ARM.attributes
                0x00000e18       0x2d /home/krupkad/gcc-arm-none-eabi-4_8-2014q3/bin/../lib/gcc/arm-none-eabi/4.8.4/../../../../arm-none-eabi/lib/armv7-m/libc_s.a(lib_a-closer.o)
 .ARM.attributes